2026-09-10 09:17:20 | INFO     | [INFO] 开始连接并加载数据 -> host=pgm-uf6jv8kq7xfyu4fako.pg.rds.aliyuncs.com, port=5432, db=crmdb_test
2026-09-10 09:17:21 | INFO     | [OK] 获取数据库列表成功 (8 个) -> 耗时 0.39s 
  DATA: ['chufeng_test', 'crmdb', 'crmdb_test', 'financial', 'financial_szy', 'learningtrajectory', 'rdsadmin', 'superset']
2026-09-10 09:17:21 | INFO     | [OK] 获取 Schema 列表成功 (6 个) -> 默认=cust_u_rhkj, 耗时 0.41s 
  DATA: ['cloudstorage', 'cust_u_rhkj', 'hint_plan', 'learningtrajectory_sync', 'public', 'talent_agency']
2026-09-10 09:17:31 | INFO     | [INFO] 开始连接并加载数据 -> host=pgm-uf6jv8kq7xfyu4fako.pg.rds.aliyuncs.com, port=5432, db=crmdb_test
2026-09-10 09:17:31 | INFO     | [OK] 获取数据库列表成功 (8 个) -> 耗时 0.00s 
  DATA: ['chufeng_test', 'crmdb', 'crmdb_test', 'financial', 'financial_szy', 'learningtrajectory', 'rdsadmin', 'superset']
2026-09-10 09:17:31 | INFO     | [OK] 获取 Schema 列表成功 (6 个) -> 默认=cust_u_rhkj, 耗时 0.00s 
  DATA: ['cloudstorage', 'cust_u_rhkj', 'hint_plan', 'learningtrajectory_sync', 'public', 'talent_agency']
2026-09-10 09:17:31 | INFO     | [OK] 获取表列表成功 (916 个) -> schema=cust_u_rhkj, 耗时 0.00s
2026-09-10 09:17:31 | INFO     | [OK] 加载表 [cust_u_rhkj.Sheet1] 成功 -> 字段 7 个, 数据 50 行, 耗时 0.49s
2026-09-10 09:17:31 | INFO     | [SQL] 加载表数据 SQL 
  SQL: SELECT * FROM "cust_u_rhkj"."Sheet1" LIMIT 50 OFFSET 0
2026-09-10 09:17:31 | INFO     | [OK] 初始化完成，总耗时 0.49s
2026-09-10 09:17:40 | INFO     | [INFO] 切换表: Sheet1 → chufeng_user
2026-09-10 09:17:40 | INFO     | [OK] 加载表 [cust_u_rhkj.chufeng_user] 成功 -> 字段 18 个, 数据 50 行, 耗时 0.39s
2026-09-10 09:18:19 | INFO     | [INFO] 切换表: chufeng_user → chufeng_follow_up
2026-09-10 09:18:20 | INFO     | [OK] 加载表 [cust_u_rhkj.chufeng_follow_up] 成功 -> 字段 7 个, 数据 45 行, 耗时 0.42s
2026-09-10 09:19:56 | INFO     | [INFO] 开始连接并加载数据 -> host=pgm-uf6jv8kq7xfyu4fako.pg.rds.aliyuncs.com, port=5432, db=crmdb_test
2026-09-10 09:19:56 | INFO     | [OK] 获取数据库列表成功 (8 个) -> 耗时 0.00s 
  DATA: ['chufeng_test', 'crmdb', 'crmdb_test', 'financial', 'financial_szy', 'learningtrajectory', 'rdsadmin', 'superset']
2026-09-10 09:19:56 | INFO     | [OK] 获取 Schema 列表成功 (6 个) -> 默认=cust_u_rhkj, 耗时 0.00s 
  DATA: ['cloudstorage', 'cust_u_rhkj', 'hint_plan', 'learningtrajectory_sync', 'public', 'talent_agency']
2026-09-10 09:19:56 | INFO     | [OK] 获取表列表成功 (916 个) -> schema=cust_u_rhkj, 耗时 0.00s
2026-09-10 09:19:57 | INFO     | [OK] 加载表 [cust_u_rhkj.Sheet1] 成功 -> 字段 7 个, 数据 50 行, 耗时 0.41s
2026-09-10 09:19:57 | INFO     | [SQL] 加载表数据 SQL 
  SQL: SELECT * FROM "cust_u_rhkj"."Sheet1" LIMIT 50 OFFSET 0
2026-09-10 09:19:57 | INFO     | [OK] 初始化完成，总耗时 0.42s
2026-09-10 09:24:11 | 09:24:11 [INFO] 开始连接 - pgm-uf6jv8kq7xfyu4fako.pg.rds.aliyuncs.com:5432/crmdb_test
2026-09-10 09:24:11 | 09:24:11 [OK] 数据库列表 · 8 个
2026-09-10 09:24:12 | 09:24:12 [OK] Schema 列表 · 6 个 · 默认 cust_u_rhkj
2026-09-10 09:24:12 | 09:24:12 [OK] 表列表 · 916 个
2026-09-10 09:24:13 | 09:24:13 [OK] 加载表 cust_u_rhkj.Sheet1 - 7 字段 / 50 行
2026-09-10 09:24:13 | 09:24:13 [OK] 连接完成
2026-09-10 09:24:18 | 09:24:18 [INFO] 切换表 Sheet1 → chufeng_user
2026-09-10 09:24:18 | 09:24:18 [OK] 加载表 cust_u_rhkj.chufeng_user - 18 字段 / 50 行
2026-09-10 09:28:08 | 2026-09-10 09:28:08 [INFO] 开始连接 - pgm-uf6jv8kq7xfyu4fako.pg.rds.aliyuncs.com:5432/crmdb_test
2026-09-10 09:28:08 | 2026-09-10 09:28:08 [OK] 数据库列表 · 8 个
2026-09-10 09:28:08 | 2026-09-10 09:28:08 [OK] Schema 列表 · 6 个 · 默认 cust_u_rhkj
2026-09-10 09:28:08 | 2026-09-10 09:28:08 [OK] 表列表 · 916 个
2026-09-10 09:28:08 | 2026-09-10 09:28:08 [OK] 加载表 cust_u_rhkj.Sheet1 - 7 字段 / 50 行
2026-09-10 09:28:08 | 2026-09-10 09:28:08 [OK] 连接完成
2026-09-10 09:28:13 | 2026-09-10 09:28:13 [INFO] 切换表 Sheet1 → chufeng_user
2026-09-10 09:28:14 | 2026-09-10 09:28:14 [OK] 加载表 cust_u_rhkj.chufeng_user - 18 字段 / 50 行
2026-09-10 09:32:08 | 2026-09-10 09:32:08 [INFO] 开始连接 - pgm-uf6jv8kq7xfyu4fako.pg.rds.aliyuncs.com:5432/crmdb_test
2026-09-10 09:32:08 | 2026-09-10 09:32:08 [OK] 数据库列表 · 8 个
2026-09-10 09:32:08 | 2026-09-10 09:32:08 [OK] Schema 列表 · 6 个 · 默认 cust_u_rhkj
2026-09-10 09:32:09 | 2026-09-10 09:32:09 [OK] 表列表 · 916 个
2026-09-10 09:32:09 | 2026-09-10 09:32:09 [OK] 加载表 cust_u_rhkj.Sheet1 - 7 字段 / 50 行
2026-09-10 09:32:09 | 2026-09-10 09:32:09 [OK] 连接完成
2026-09-10 09:37:20 | 2026-09-10 09:37:20 [INFO] 开始连接 - pgm-uf6jv8kq7xfyu4fako.pg.rds.aliyuncs.com:5432/crmdb_test
2026-09-10 09:37:20 | 2026-09-10 09:37:20 [OK] 数据库列表 · 8 个
2026-09-10 09:37:20 | 2026-09-10 09:37:20 [OK] Schema 列表 · 6 个 · 默认 cust_u_rhkj
2026-09-10 09:37:20 | 2026-09-10 09:37:20 [OK] 表列表 · 916 个
2026-09-10 09:37:21 | 2026-09-10 09:37:21 [OK] 加载表 cust_u_rhkj.Sheet1 - 7 字段 / 50 行
2026-09-10 09:37:21 | 2026-09-10 09:37:21 [OK] 连接完成
2026-09-10 09:37:42 | 2026-09-10 09:37:42 [INFO] 切换表 Sheet1 → chufeng_user
2026-09-10 09:37:42 | 2026-09-10 09:37:42 [OK] 加载表 cust_u_rhkj.chufeng_user - 18 字段 / 50 行
2026-09-10 09:39:59 | 2026-09-10 09:39:59 [SQL] 执行条件搜索 | SELECT * FROM "cust_u_rhkj"."chufeng_user" WHERE "user_name"::text LIKE :user_name LIMIT 1000
2026-09-10 09:40:00 | 2026-09-10 09:40:00 [OK] 搜索命中 · 1 条
2026-09-10 09:40:07 | 2026-09-10 09:40:07 [SQL] 执行条件搜索 | SELECT * FROM "cust_u_rhkj"."chufeng_user" WHERE "user_name"::text LIKE :user_name LIMIT 1000
2026-09-10 09:40:07 | 2026-09-10 09:40:07 [OK] 搜索命中 · 1 条
2026-09-10 09:40:09 | 2026-09-10 09:40:09 [INFO] 重置搜索条件
2026-09-10 09:40:11 | 2026-09-10 09:40:11 [WARN] 搜索时未输入任何条件
2026-09-10 09:43:00 | 2026-09-10 09:43:00 [INFO] 开始连接 - pgm-uf6jv8kq7xfyu4fako.pg.rds.aliyuncs.com:5432/crmdb_test
2026-09-10 09:43:01 | 2026-09-10 09:43:01 [OK] 数据库列表 · 8 个
2026-09-10 09:43:01 | 2026-09-10 09:43:01 [OK] Schema 列表 · 6 个 · 默认 cust_u_rhkj
2026-09-10 09:43:02 | 2026-09-10 09:43:02 [OK] 表列表 · 916 个
2026-09-10 09:43:02 | 2026-09-10 09:43:02 [OK] 加载表 cust_u_rhkj.Sheet1 - 7 字段 / 50 行
2026-09-10 09:43:02 | 2026-09-10 09:43:02 [OK] 连接完成
2026-09-10 09:43:06 | 2026-09-10 09:43:06 [INFO] 切换表 Sheet1 → chufeng_user
2026-09-10 09:43:07 | 2026-09-10 09:43:07 [OK] 加载表 cust_u_rhkj.chufeng_user - 18 字段 / 50 行
2026-09-10 09:43:15 | 2026-09-10 09:43:15 [SQL] 执行条件搜索 | SELECT * FROM "cust_u_rhkj"."chufeng_user" WHERE "user_name"::text LIKE :user_name LIMIT 1000
2026-09-10 09:43:15 | 2026-09-10 09:43:15 [OK] 搜索命中 · 1 条
2026-09-10 10:26:04 | 2026-09-10 10:26:04 [INFO] 开始连接 - pgm-uf6jv8kq7xfyu4fako.pg.rds.aliyuncs.com:5432/crmdb_test
2026-09-10 10:26:04 | 2026-09-10 10:26:04 [OK] 数据库列表 · 8 个
2026-09-10 10:26:05 | 2026-09-10 10:26:05 [OK] Schema 列表 · 6 个 · 默认 cust_u_rhkj
2026-09-10 10:26:05 | 2026-09-10 10:26:05 [OK] 表列表 · 916 个
2026-09-10 10:26:05 | 2026-09-10 10:26:05 [OK] 加载表 cust_u_rhkj.Sheet1 - 7 字段 / 50 行
2026-09-10 10:26:05 | 2026-09-10 10:26:05 [OK] 连接完成
2026-09-10 10:26:17 | 2026-09-10 10:26:17 [INFO] 切换表 Sheet1 → chufeng_user
2026-09-10 10:26:18 | 2026-09-10 10:26:18 [OK] 加载表 cust_u_rhkj.chufeng_user - 18 字段 / 50 行
2026-09-10 10:26:29 | 2026-09-10 10:26:29 [SQL] 执行条件搜索 | SELECT * FROM "cust_u_rhkj"."chufeng_user" WHERE "user_id"::text LIKE :user_id LIMIT 1000
2026-09-10 10:26:30 | 2026-09-10 10:26:30 [OK] 搜索命中 · 1 条
2026-09-10 10:26:46 | 2026-09-10 10:26:46 [INFO] 待删除行主键: user_id=2097153772603342848
2026-09-10 10:26:46 | 2026-09-10 10:26:46 [SQL] 执行 DELETE · 1 行 | DELETE FROM "cust_u_rhkj"."chufeng_user" WHERE "user_id" IN (:pk_0_user_id)
2026-09-10 10:26:47 | 2026-09-10 10:26:47 [OK] 删除成功 · 1 行
2026-09-10 10:26:47 | 2026-09-10 10:26:47 [INFO] 搜索结果已更新，请重新搜索
2026-09-10 10:26:54 | 2026-09-10 10:26:54 [SQL] 执行条件搜索 | SELECT * FROM "cust_u_rhkj"."chufeng_user" WHERE "user_id"::text LIKE :user_id LIMIT 1000
2026-09-10 10:26:54 | 2026-09-10 10:26:54 [OK] 搜索命中 · 0 条
2026-09-10 10:26:59 | 2026-09-10 10:26:59 [SQL] 执行条件搜索 | SELECT * FROM "cust_u_rhkj"."chufeng_user" WHERE "user_id"::text LIKE :user_id LIMIT 1000
2026-09-10 10:26:59 | 2026-09-10 10:26:59 [OK] 搜索命中 · 0 条
2026-09-10 10:27:02 | 2026-09-10 10:27:02 [SQL] 执行条件搜索 | SELECT * FROM "cust_u_rhkj"."chufeng_user" WHERE "user_id"::text LIKE :user_id LIMIT 1000
2026-09-10 10:27:03 | 2026-09-10 10:27:03 [OK] 搜索命中 · 0 条
2026-09-10 10:27:03 | 2026-09-10 10:27:03 [SQL] 执行条件搜索 | SELECT * FROM "cust_u_rhkj"."chufeng_user" WHERE "user_id"::text LIKE :user_id LIMIT 1000
2026-09-10 10:27:03 | 2026-09-10 10:27:03 [SQL] 执行条件搜索 | SELECT * FROM "cust_u_rhkj"."chufeng_user" WHERE "user_id"::text LIKE :user_id LIMIT 1000
2026-09-10 10:27:03 | 2026-09-10 10:27:03 [OK] 搜索命中 · 0 条
2026-09-10 10:28:21 | 2026-09-10 10:28:21 [SQL] 执行条件搜索 | SELECT * FROM "cust_u_rhkj"."chufeng_user" WHERE "user_id"::text LIKE :user_id LIMIT 1000
2026-09-10 10:28:21 | 2026-09-10 10:28:21 [OK] 搜索命中 · 0 条
2026-09-10 10:28:25 | 2026-09-10 10:28:25 [WARN] 搜索时未输入任何条件
2026-09-10 10:28:29 | 2026-09-10 10:28:29 [INFO] 重置搜索条件
2026-09-10 10:29:10 | 2026-09-10 10:29:10 [INFO] 开始连接 - pgm-uf6jv8kq7xfyu4fako.pg.rds.aliyuncs.com:5432/crmdb_test
2026-09-10 10:29:10 | 2026-09-10 10:29:10 [OK] 数据库列表 · 8 个
2026-09-10 10:29:10 | 2026-09-10 10:29:10 [OK] Schema 列表 · 6 个 · 默认 cust_u_rhkj
2026-09-10 10:29:10 | 2026-09-10 10:29:10 [OK] 表列表 · 916 个
2026-09-10 10:29:11 | 2026-09-10 10:29:11 [OK] 加载表 cust_u_rhkj.Sheet1 - 7 字段 / 50 行
2026-09-10 10:29:11 | 2026-09-10 10:29:11 [OK] 连接完成
2026-09-10 10:32:38 | 2026-09-10 10:32:38 [INFO] 开始连接 - pgm-uf6jv8kq7xfyu4fako.pg.rds.aliyuncs.com:5432/crmdb_test
2026-09-10 10:32:38 | 2026-09-10 10:32:38 [OK] 数据库列表 · 8 个
2026-09-10 10:32:38 | 2026-09-10 10:32:38 [OK] Schema 列表 · 6 个 · 默认 cust_u_rhkj
2026-09-10 10:32:38 | 2026-09-10 10:32:38 [OK] 表列表 · 916 个
2026-09-10 10:32:39 | 2026-09-10 10:32:39 [OK] 加载表 cust_u_rhkj.Sheet1 - 7 字段 / 50 行
2026-09-10 10:32:39 | 2026-09-10 10:32:39 [OK] 连接完成
2026-09-10 10:34:05 | 2026-09-10 10:34:05 [INFO] 开始连接 - pgm-uf6jv8kq7xfyu4fako.pg.rds.aliyuncs.com:5432/crmdb_test
2026-09-10 10:34:05 | 2026-09-10 10:34:05 [OK] 数据库列表 · 8 个
2026-09-10 10:34:05 | 2026-09-10 10:34:05 [OK] Schema 列表 · 6 个 · 默认 cust_u_rhkj
2026-09-10 10:34:05 | 2026-09-10 10:34:05 [OK] 表列表 · 916 个
2026-09-10 10:34:05 | 2026-09-10 10:34:05 [OK] 加载表 cust_u_rhkj.Sheet1 - 7 字段 / 50 行
2026-09-10 10:34:05 | 2026-09-10 10:34:05 [OK] 连接完成
2026-09-10 10:34:10 | 2026-09-10 10:34:10 [INFO] 开始连接 - pgm-uf6jv8kq7xfyu4fako.pg.rds.aliyuncs.com:5432/crmdb_test
2026-09-10 10:34:10 | 2026-09-10 10:34:10 [OK] 数据库列表 · 8 个
2026-09-10 10:34:10 | 2026-09-10 10:34:10 [OK] Schema 列表 · 6 个 · 默认 cust_u_rhkj
2026-09-10 10:34:10 | 2026-09-10 10:34:10 [OK] 表列表 · 916 个
2026-09-10 10:34:10 | 2026-09-10 10:34:10 [OK] 加载表 cust_u_rhkj.Sheet1 - 7 字段 / 50 行
2026-09-10 10:34:10 | 2026-09-10 10:34:10 [OK] 连接完成
2026-09-10 10:34:27 | 2026-09-10 10:34:27 [INFO] 开始连接 - pgm-uf6jv8kq7xfyu4fako.pg.rds.aliyuncs.com:5432/crmdb_test
2026-09-10 10:34:27 | 2026-09-10 10:34:27 [OK] 数据库列表 · 8 个
2026-09-10 10:34:28 | 2026-09-10 10:34:28 [OK] Schema 列表 · 6 个 · 默认 cust_u_rhkj
2026-09-10 10:34:28 | 2026-09-10 10:34:28 [OK] 表列表 · 916 个
2026-09-10 10:34:28 | 2026-09-10 10:34:28 [OK] 加载表 cust_u_rhkj.Sheet1 - 7 字段 / 50 行
2026-09-10 10:34:28 | 2026-09-10 10:34:28 [OK] 连接完成
2026-09-10 10:34:47 | 2026-09-10 10:34:47 [INFO] 开始连接 - pgm-uf6jv8kq7xfyu4fako.pg.rds.aliyuncs.com:5432/crmdb_test
2026-09-10 10:34:47 | 2026-09-10 10:34:47 [OK] 数据库列表 · 8 个
2026-09-10 10:34:47 | 2026-09-10 10:34:47 [OK] Schema 列表 · 6 个 · 默认 cust_u_rhkj
2026-09-10 10:34:47 | 2026-09-10 10:34:47 [OK] 表列表 · 916 个
2026-09-10 10:34:47 | 2026-09-10 10:34:47 [OK] 加载表 cust_u_rhkj.Sheet1 - 7 字段 / 50 行
2026-09-10 10:34:47 | 2026-09-10 10:34:47 [OK] 连接完成
2026-09-10 10:35:04 | 2026-09-10 10:35:04 [INFO] 开始连接 - pgm-uf6jv8kq7xfyu4fako.pg.rds.aliyuncs.com:5432/crmdb_test
2026-09-10 10:35:04 | 2026-09-10 10:35:04 [OK] 数据库列表 · 8 个
2026-09-10 10:35:04 | 2026-09-10 10:35:04 [OK] Schema 列表 · 6 个 · 默认 cust_u_rhkj
2026-09-10 10:35:04 | 2026-09-10 10:35:04 [OK] 表列表 · 916 个
2026-09-10 10:35:04 | 2026-09-10 10:35:04 [OK] 加载表 cust_u_rhkj.Sheet1 - 7 字段 / 50 行
2026-09-10 10:35:04 | 2026-09-10 10:35:04 [OK] 连接完成
2026-09-10 10:35:50 | 2026-09-10 10:35:50 [INFO] 开始连接 - pgm-uf6jv8kq7xfyu4fako.pg.rds.aliyuncs.com:5432/crmdb_test
2026-09-10 10:35:50 | 2026-09-10 10:35:50 [OK] 数据库列表 · 8 个
2026-09-10 10:35:50 | 2026-09-10 10:35:50 [OK] Schema 列表 · 6 个 · 默认 cust_u_rhkj
2026-09-10 10:35:50 | 2026-09-10 10:35:50 [OK] 表列表 · 916 个
2026-09-10 10:35:50 | 2026-09-10 10:35:50 [OK] 加载表 cust_u_rhkj.Sheet1 - 7 字段 / 50 行
2026-09-10 10:35:50 | 2026-09-10 10:35:50 [OK] 连接完成
2026-09-10 10:36:07 | 2026-09-10 10:36:07 [INFO] 开始连接 - pgm-uf6jv8kq7xfyu4fako.pg.rds.aliyuncs.com:5432/crmdb_test
2026-09-10 10:36:07 | 2026-09-10 10:36:07 [OK] 数据库列表 · 8 个
2026-09-10 10:36:07 | 2026-09-10 10:36:07 [OK] Schema 列表 · 6 个 · 默认 cust_u_rhkj
2026-09-10 10:36:07 | 2026-09-10 10:36:07 [OK] 表列表 · 916 个
2026-09-10 10:36:07 | 2026-09-10 10:36:07 [OK] 加载表 cust_u_rhkj.Sheet1 - 7 字段 / 50 行
2026-09-10 10:36:07 | 2026-09-10 10:36:07 [OK] 连接完成
2026-09-10 10:40:41 | 2026-09-10 10:40:41 [INFO] 开始连接 - pgm-uf6jv8kq7xfyu4fako.pg.rds.aliyuncs.com:5432/crmdb_test
2026-09-10 10:40:42 | 2026-09-10 10:40:42 [OK] 数据库列表 · 8 个
2026-09-10 10:40:42 | 2026-09-10 10:40:42 [OK] Schema 列表 · 6 个 · 默认 cust_u_rhkj
2026-09-10 11:17:09 | 2026-09-10 11:17:09 [INFO] 开始连接 - pgm-uf6jv8kq7xfyu4fako.pg.rds.aliyuncs.com:5432/crmdb_test
2026-09-10 11:17:09 | 2026-09-10 11:17:09 [OK] 数据库列表 · 8 个
2026-09-10 11:17:10 | 2026-09-10 11:17:10 [OK] Schema 列表 · 6 个 · 默认 cust_u_rhkj
2026-09-10 11:17:10 | 2026-09-10 11:17:10 [OK] 表列表 · 916 个
2026-09-10 11:17:10 | 2026-09-10 11:17:10 [OK] 加载表 cust_u_rhkj.Sheet1 - 7 字段 / 50 行
2026-09-10 11:17:10 | 2026-09-10 11:17:10 [OK] 连接完成
2026-09-10 11:17:25 | 2026-09-10 11:17:25 [INFO] 开始连接 - pgm-uf6jv8kq7xfyu4fako.pg.rds.aliyuncs.com:5432/crmdb_test
2026-09-10 11:17:25 | 2026-09-10 11:17:25 [OK] 数据库列表 · 8 个
2026-09-10 11:17:25 | 2026-09-10 11:17:25 [OK] Schema 列表 · 6 个 · 默认 cust_u_rhkj
2026-09-10 11:17:25 | 2026-09-10 11:17:25 [OK] 表列表 · 916 个
2026-09-10 11:17:25 | 2026-09-10 11:17:25 [OK] 加载表 cust_u_rhkj.Sheet1 - 7 字段 / 50 行
2026-09-10 11:17:25 | 2026-09-10 11:17:25 [OK] 连接完成
2026-09-10 11:20:23 | 2026-09-10 11:20:23 [INFO] 开始连接 - pgm-uf6jv8kq7xfyu4fako.pg.rds.aliyuncs.com:5432/crmdb_test
2026-09-10 11:20:23 | 2026-09-10 11:20:23 [OK] 数据库列表 · 8 个
2026-09-10 11:20:23 | 2026-09-10 11:20:23 [OK] Schema 列表 · 6 个 · 默认 cust_u_rhkj
2026-09-10 11:20:23 | 2026-09-10 11:20:23 [OK] 表列表 · 916 个
2026-09-10 11:20:23 | 2026-09-10 11:20:23 [OK] 加载表 cust_u_rhkj.Sheet1 - 7 字段 / 50 行
2026-09-10 11:20:23 | 2026-09-10 11:20:23 [OK] 连接完成
2026-09-10 11:20:31 | 2026-09-10 11:20:31 [INFO] 开始连接 - pgm-uf6jv8kq7xfyu4fako.pg.rds.aliyuncs.com:5432/crmdb_test
2026-09-10 11:20:31 | 2026-09-10 11:20:31 [OK] 数据库列表 · 8 个
2026-09-10 11:20:31 | 2026-09-10 11:20:31 [OK] Schema 列表 · 6 个 · 默认 cust_u_rhkj
2026-09-10 11:20:31 | 2026-09-10 11:20:31 [OK] 表列表 · 916 个
2026-09-10 11:20:31 | 2026-09-10 11:20:31 [OK] 加载表 cust_u_rhkj.Sheet1 - 7 字段 / 50 行
2026-09-10 11:20:31 | 2026-09-10 11:20:31 [OK] 连接完成
2026-09-10 11:22:42 | 2026-09-10 11:22:42 [INFO] 开始连接 - pgm-uf6jv8kq7xfyu4fako.pg.rds.aliyuncs.com:5432/crmdb_test
2026-09-10 11:22:42 | 2026-09-10 11:22:42 [OK] 数据库列表 · 8 个
2026-09-10 11:22:42 | 2026-09-10 11:22:42 [OK] Schema 列表 · 6 个 · 默认 cust_u_rhkj
2026-09-10 11:22:42 | 2026-09-10 11:22:42 [OK] 表列表 · 916 个
2026-09-10 11:22:42 | 2026-09-10 11:22:42 [OK] 加载表 cust_u_rhkj.Sheet1 - 7 字段 / 50 行
2026-09-10 11:22:42 | 2026-09-10 11:22:42 [OK] 连接完成
2026-09-10 11:23:23 | 2026-09-10 11:23:23 [INFO] 开始连接 - pgm-uf6jv8kq7xfyu4fako.pg.rds.aliyuncs.com:5432/crmdb_test
2026-09-10 11:23:23 | 2026-09-10 11:23:23 [OK] 数据库列表 · 8 个
2026-09-10 11:23:23 | 2026-09-10 11:23:23 [OK] Schema 列表 · 6 个 · 默认 cust_u_rhkj
2026-09-10 11:23:23 | 2026-09-10 11:23:23 [OK] 表列表 · 916 个
2026-09-10 11:23:23 | 2026-09-10 11:23:23 [OK] 加载表 cust_u_rhkj.Sheet1 - 7 字段 / 50 行
2026-09-10 11:23:23 | 2026-09-10 11:23:23 [OK] 连接完成
2026-09-10 11:23:46 | 2026-09-10 11:23:46 [INFO] 切换表 Sheet1 → chufeng_user
2026-09-10 11:23:47 | 2026-09-10 11:23:47 [OK] 加载表 cust_u_rhkj.chufeng_user - 18 字段 / 50 行
2026-09-10 14:21:22 | 2026-09-10 14:21:22 [INFO] 开始连接 - pgm-uf6jv8kq7xfyu4fako.pg.rds.aliyuncs.com:5432/crmdb_test
2026-09-10 14:21:54 | 2026-09-10 14:21:54 [INFO] 开始连接 - pgm-uf6jv8kq7xfyu4fako.pg.rds.aliyuncs.com:5432/crmdb_test
2026-09-10 14:21:54 | 2026-09-10 14:21:54 [OK] 数据库列表 · 8 个
2026-09-10 14:21:55 | 2026-09-10 14:21:55 [OK] Schema 列表 · 6 个 · 默认 cust_u_rhkj
2026-09-10 14:21:56 | 2026-09-10 14:21:56 [OK] 表列表 · 916 个
2026-09-10 14:21:56 | 2026-09-10 14:21:56 [OK] 加载表 cust_u_rhkj.Sheet1 - 7 字段 / 50 行
2026-09-10 14:21:56 | 2026-09-10 14:21:56 [OK] 连接完成
2026-09-10 14:35:05 | 2026-09-10 14:35:05 [INFO] 开始连接 - pgm-uf6jv8kq7xfyu4fako.pg.rds.aliyuncs.com:5432/crmdb_test
2026-09-10 14:35:05 | 2026-09-10 14:35:05 [OK] 数据库列表 · 8 个
2026-09-10 14:35:06 | 2026-09-10 14:35:06 [OK] Schema 列表 · 6 个 · 默认 cust_u_rhkj
2026-09-10 14:35:06 | 2026-09-10 14:35:06 [OK] 表列表 · 916 个
2026-09-10 14:35:07 | 2026-09-10 14:35:07 [OK] 加载表 cust_u_rhkj.Sheet1 - 7 字段 / 50 行
2026-09-10 14:35:07 | 2026-09-10 14:35:07 [OK] 连接完成
2026-09-10 14:35:57 | 2026-09-10 14:35:57 [INFO] 切换表 Sheet1 → kqxx
2026-09-10 14:35:57 | 2026-09-10 14:35:57 [OK] 加载表 cust_u_rhkj.kqxx - 67 字段 / 50 行
2026-09-10 14:35:58 | 2026-09-10 14:35:58 [WARN] 搜索时未输入任何条件
2026-09-10 14:40:04 | 2026-09-10 14:40:04 [INFO] 切换表 kqxx → xjjh
2026-09-10 14:40:04 | 2026-09-10 14:40:04 [OK] 加载表 cust_u_rhkj.xjjh - 41 字段 / 50 行
2026-09-10 14:40:06 | 2026-09-10 14:40:06 [WARN] 搜索时未输入任何条件
2026-09-10 14:40:16 | 2026-09-10 14:40:16 [SQL] 执行条件搜索 | SELECT * FROM "cust_u_rhkj"."xjjh" WHERE "name"::text LIKE :name LIMIT 1000
2026-09-10 14:40:17 | 2026-09-10 14:40:17 [OK] 搜索命中 · 1 条
2026-09-10 14:41:14 | 2026-09-10 14:41:14 [SQL] 执行条件搜索 | SELECT * FROM "cust_u_rhkj"."xjjh" WHERE "name"::text LIKE :name LIMIT 1000
2026-09-10 14:41:14 | 2026-09-10 14:41:14 [OK] 搜索命中 · 1 条
2026-09-10 14:42:31 | 2026-09-10 14:42:31 [SQL] 执行条件搜索 | SELECT * FROM "cust_u_rhkj"."xjjh" WHERE "name"::text LIKE :name LIMIT 1000
2026-09-10 14:42:32 | 2026-09-10 14:42:32 [OK] 搜索命中 · 1 条
2026-09-10 14:42:34 | 2026-09-10 14:42:34 [SQL] 执行条件搜索 | SELECT * FROM "cust_u_rhkj"."xjjh" WHERE "name"::text LIKE :name LIMIT 1000
2026-09-10 14:42:34 | 2026-09-10 14:42:34 [OK] 搜索命中 · 1 条
2026-09-10 15:04:10 | 2026-09-10 15:04:10 [INFO] 开始连接 - pgm-uf6jv8kq7xfyu4fako.pg.rds.aliyuncs.com:5432/crmdb_test
2026-09-10 15:04:11 | 2026-09-10 15:04:11 [OK] 数据库列表 · 8 个
2026-09-10 15:04:11 | 2026-09-10 15:04:11 [OK] Schema 列表 · 6 个 · 默认 cust_u_rhkj
2026-09-10 15:04:11 | 2026-09-10 15:04:11 [OK] 表列表 · 916 个
2026-09-10 15:04:12 | 2026-09-10 15:04:12 [OK] 加载表 cust_u_rhkj.Sheet1 - 7 字段 / 50 行
2026-09-10 15:04:12 | 2026-09-10 15:04:12 [OK] 连接完成
2026-09-10 15:04:24 | 2026-09-10 15:04:24 [INFO] 切换表 Sheet1 → xjjh
2026-09-10 15:04:25 | 2026-09-10 15:04:25 [OK] 加载表 cust_u_rhkj.xjjh - 41 字段 / 50 行
2026-09-10 15:04:32 | 2026-09-10 15:04:32 [SQL] 执行条件搜索 | SELECT * FROM "cust_u_rhkj"."xjjh" WHERE "name"::text LIKE :name LIMIT 1000
2026-09-10 15:04:33 | 2026-09-10 15:04:33 [OK] 搜索命中 · 1 条
2026-09-10 15:05:03 | 2026-09-10 15:05:03 [WARN] 搜索时未输入任何条件
2026-09-10 15:05:05 | 2026-09-10 15:05:05 [INFO] 重置搜索条件
2026-09-10 15:05:07 | 2026-09-10 15:05:07 [WARN] 搜索时未输入任何条件
2026-09-10 15:05:11 | 2026-09-10 15:05:11 [SQL] 执行条件搜索 | SELECT * FROM "cust_u_rhkj"."xjjh" WHERE "name"::text LIKE :name LIMIT 1000
2026-09-10 15:05:11 | 2026-09-10 15:05:11 [OK] 搜索命中 · 1 条
2026-09-10 16:48:37 | 2026-09-10 16:48:37 [INFO] 切换表 xjjh → t_post_ability
2026-09-10 16:48:38 | 2026-09-10 16:48:38 [OK] 加载表 cust_u_rhkj.t_post_ability - 19 字段 / 50 行
2026-09-10 17:01:31 | 2026-09-10 17:01:31 [INFO] 切换 Schema cust_u_rhkj → learningtrajectory_sync
2026-09-10 17:01:31 | 2026-09-10 17:01:31 [OK] 表列表 · 0 个
2026-09-10 17:01:36 | 2026-09-10 17:01:36 [INFO] 开始连接 - pgm-uf6jv8kq7xfyu4fako.pg.rds.aliyuncs.com:5432/crmdb_test
2026-09-10 17:01:36 | 2026-09-10 17:01:36 [OK] 数据库列表 · 8 个
2026-09-10 17:01:36 | 2026-09-10 17:01:36 [OK] Schema 列表 · 6 个 · 默认 cust_u_rhkj
2026-09-10 17:01:37 | 2026-09-10 17:01:37 [OK] 表列表 · 917 个
2026-09-10 17:01:37 | 2026-09-10 17:01:37 [OK] 加载表 cust_u_rhkj.Sheet1 - 7 字段 / 50 行
2026-09-10 17:01:37 | 2026-09-10 17:01:37 [OK] 连接完成
2026-09-10 17:01:53 | 2026-09-10 17:01:53 [INFO] 切换表 Sheet1 → tkd
2026-09-10 17:01:53 | 2026-09-10 17:01:53 [OK] 加载表 cust_u_rhkj.tkd - 145 字段 / 50 行
2026-09-10 17:02:13 | 2026-09-10 17:02:13 [INFO] 开始连接 - pgm-uf6jv8kq7xfyu4fako.pg.rds.aliyuncs.com:5432/crmdb_test
2026-09-10 17:02:13 | 2026-09-10 17:02:13 [OK] 数据库列表 · 8 个
2026-09-10 17:02:13 | 2026-09-10 17:02:13 [OK] Schema 列表 · 6 个 · 默认 cust_u_rhkj
2026-09-10 17:02:13 | 2026-09-10 17:02:13 [OK] 表列表 · 917 个
2026-09-10 17:02:13 | 2026-09-10 17:02:13 [OK] 加载表 cust_u_rhkj.Sheet1 - 7 字段 / 50 行
2026-09-10 17:02:13 | 2026-09-10 17:02:13 [OK] 连接完成
2026-09-10 17:02:46 | 2026-09-10 17:02:46 [INFO] 切换表 Sheet1 → chufeng_user
2026-09-10 17:02:47 | 2026-09-10 17:02:47 [OK] 加载表 cust_u_rhkj.chufeng_user - 18 字段 / 50 行
2026-09-10 18:15:24 | 2026-09-10 18:15:24 [INFO] 开始连接 - pgm-uf6jv8kq7xfyu4fako.pg.rds.aliyuncs.com:5432/crmdb_test
2026-09-10 18:15:25 | 2026-09-10 18:15:25 [OK] 数据库列表 · 8 个
2026-09-10 18:15:25 | 2026-09-10 18:15:25 [OK] Schema 列表 · 6 个 · 默认 cust_u_rhkj
2026-09-10 18:15:26 | 2026-09-10 18:15:26 [OK] 表列表 · 917 个
2026-09-10 18:15:26 | 2026-09-10 18:15:26 [OK] 加载表 cust_u_rhkj.Sheet1 - 7 字段 / 50 行
2026-09-10 18:15:26 | 2026-09-10 18:15:26 [OK] 连接完成
2026-09-10 18:17:33 | 2026-09-10 18:17:33 [INFO] 开始连接 - pgm-uf6jv8kq7xfyu4fako.pg.rds.aliyuncs.com:5432/crmdb_test
2026-09-10 18:17:33 | 2026-09-10 18:17:33 [OK] 数据库列表 · 8 个
2026-09-10 18:17:34 | 2026-09-10 18:17:34 [OK] Schema 列表 · 6 个 · 默认 cust_u_rhkj
2026-09-10 18:17:34 | 2026-09-10 18:17:34 [OK] 表列表 · 917 个
2026-09-10 18:17:35 | 2026-09-10 18:17:35 [OK] 加载表 cust_u_rhkj.Sheet1 - 7 字段 / 50 行
2026-09-10 18:17:35 | 2026-09-10 18:17:35 [OK] 连接完成
2026-09-10 18:39:13 | 2026-09-10 18:39:13 [INFO] 开始连接 - pgm-uf6jv8kq7xfyu4fako.pg.rds.aliyuncs.com:5432/crmdb_test
2026-09-10 18:39:13 | 2026-09-10 18:39:13 [OK] 数据库列表 · 8 个
2026-09-10 18:39:14 | 2026-09-10 18:39:14 [OK] Schema 列表 · 6 个 · 默认 cust_u_rhkj
2026-09-10 18:39:14 | 2026-09-10 18:39:14 [OK] 表列表 · 918 个
2026-09-10 18:39:14 | 2026-09-10 18:39:14 [OK] 加载表 cust_u_rhkj.Sheet1 - 7 字段 / 50 行
2026-09-10 18:39:14 | 2026-09-10 18:39:14 [OK] 连接完成
2026-09-10 18:39:27 | 2026-09-10 18:39:26 [INFO] 切换表 Sheet1 → chufeng_user
2026-09-10 18:39:28 | 2026-09-10 18:39:28 [OK] 加载表 cust_u_rhkj.chufeng_user - 18 字段 / 50 行
2026-09-10 18:39:38 | 2026-09-10 18:39:38 [SQL] 执行条件搜索 | SELECT * FROM "cust_u_rhkj"."chufeng_user" WHERE "mobile"::text LIKE :mobile LIMIT 1000
2026-09-10 18:39:38 | 2026-09-10 18:39:38 [OK] 搜索命中 · 0 条
2026-09-10 18:39:44 | 2026-09-10 18:39:44 [SQL] 执行条件搜索 | SELECT * FROM "cust_u_rhkj"."chufeng_user" WHERE "mobile"::text LIKE :mobile LIMIT 1000
2026-09-10 18:39:44 | 2026-09-10 18:39:44 [OK] 搜索命中 · 1 条
2026-09-10 18:43:27 | 2026-09-10 18:43:27 [INFO] 开始连接 - pgm-uf6jv8kq7xfyu4fako.pg.rds.aliyuncs.com:5432/crmdb_test
2026-09-10 18:43:27 | 2026-09-10 18:43:27 [OK] 数据库列表 · 8 个
2026-09-10 18:43:27 | 2026-09-10 18:43:27 [OK] Schema 列表 · 6 个 · 默认 cust_u_rhkj
2026-09-10 18:43:27 | 2026-09-10 18:43:27 [OK] 表列表 · 918 个
2026-09-10 18:43:27 | 2026-09-10 18:43:27 [OK] 加载表 cust_u_rhkj.Sheet1 - 7 字段 / 50 行
2026-09-10 18:43:27 | 2026-09-10 18:43:27 [OK] 连接完成
2026-09-10 18:43:33 | 2026-09-10 18:43:33 [INFO] 切换表 Sheet1 → chufeng_user
2026-09-10 18:43:33 | 2026-09-10 18:43:33 [OK] 加载表 cust_u_rhkj.chufeng_user - 18 字段 / 50 行
2026-09-10 18:43:43 | 2026-09-10 18:43:43 [SQL] 执行条件搜索 | SELECT * FROM "cust_u_rhkj"."chufeng_user" WHERE "mobile"::text LIKE :mobile LIMIT 1000
2026-09-10 18:43:43 | 2026-09-10 18:43:43 [OK] 搜索命中 · 1 条
2026-09-10 18:44:16 | 2026-09-10 18:44:16 [INFO] 重置搜索条件
2026-09-10 18:45:52 | 2026-09-10 18:45:52 [INFO] 开始连接 - pgm-uf6jv8kq7xfyu4fako.pg.rds.aliyuncs.com:5432/crmdb_test
2026-09-10 18:45:52 | 2026-09-10 18:45:52 [OK] 数据库列表 · 8 个
2026-09-10 18:45:52 | 2026-09-10 18:45:52 [OK] Schema 列表 · 6 个 · 默认 cust_u_rhkj
2026-09-10 18:45:53 | 2026-09-10 18:45:53 [OK] 表列表 · 918 个
2026-09-10 18:45:53 | 2026-09-10 18:45:53 [OK] 加载表 cust_u_rhkj.Sheet1 - 7 字段 / 50 行
2026-09-10 18:45:53 | 2026-09-10 18:45:53 [OK] 连接完成
2026-09-10 18:45:59 | 2026-09-10 18:45:59 [INFO] 切换表 Sheet1 → chufeng_user
2026-09-10 18:45:59 | 2026-09-10 18:45:59 [OK] 加载表 cust_u_rhkj.chufeng_user - 18 字段 / 50 行
2026-09-10 18:46:11 | 2026-09-10 18:46:11 [SQL] 执行条件搜索 | SELECT * FROM "cust_u_rhkj"."chufeng_user" WHERE "mobile"::text LIKE :mobile LIMIT 1000
2026-09-10 18:46:11 | 2026-09-10 18:46:11 [OK] 搜索命中 · 1 条
2026-09-10 18:48:56 | 2026-09-10 18:48:56 [INFO] 开始连接 - pgm-uf6jv8kq7xfyu4fako.pg.rds.aliyuncs.com:5432/crmdb_test
2026-09-10 18:48:56 | 2026-09-10 18:48:56 [OK] 数据库列表 · 8 个
2026-09-10 18:48:56 | 2026-09-10 18:48:56 [OK] Schema 列表 · 6 个 · 默认 cust_u_rhkj
2026-09-10 18:48:56 | 2026-09-10 18:48:56 [OK] 表列表 · 918 个
2026-09-10 18:48:56 | 2026-09-10 18:48:56 [OK] 加载表 cust_u_rhkj.Sheet1 - 7 字段 / 50 行
2026-09-10 18:48:56 | 2026-09-10 18:48:56 [OK] 连接完成
2026-09-10 18:49:02 | 2026-09-10 18:49:02 [INFO] 切换表 Sheet1 → chufeng_user
2026-09-10 18:49:02 | 2026-09-10 18:49:02 [OK] 加载表 cust_u_rhkj.chufeng_user - 18 字段 / 50 行
2026-09-10 18:49:10 | 2026-09-10 18:49:10 [SQL] 执行条件搜索 | SELECT * FROM "cust_u_rhkj"."chufeng_user" WHERE "mobile"::text LIKE :mobile LIMIT 1000
2026-09-10 18:49:10 | 2026-09-10 18:49:10 [OK] 搜索命中 · 1 条
2026-09-10 18:51:44 | 2026-09-10 18:51:44 [INFO] 开始连接 - pgm-uf6jv8kq7xfyu4fako.pg.rds.aliyuncs.com:5432/crmdb_test
2026-09-10 18:51:44 | 2026-09-10 18:51:44 [OK] 数据库列表 · 8 个
2026-09-10 18:51:44 | 2026-09-10 18:51:44 [OK] Schema 列表 · 6 个 · 默认 cust_u_rhkj
2026-09-10 18:51:45 | 2026-09-10 18:51:45 [OK] 表列表 · 918 个
2026-09-10 18:51:45 | 2026-09-10 18:51:45 [OK] 加载表 cust_u_rhkj.Sheet1 - 7 字段 / 50 行
2026-09-10 18:51:45 | 2026-09-10 18:51:45 [OK] 连接完成
2026-09-10 18:52:36 | 2026-09-10 18:52:36 [INFO] 切换表 QRTZ_BLOB_TRIGGERS → salary_calculate_progress
2026-09-10 18:52:37 | 2026-09-10 18:52:37 [OK] 加载表 cust_u_rhkj.salary_calculate_progress - 0 字段 / 0 行
2026-09-10 18:52:43 | 2026-09-10 18:52:43 [INFO] 切换表 salary_calculate_progress → rpt_roster
2026-09-10 18:52:43 | 2026-09-10 18:52:43 [OK] 加载表 cust_u_rhkj.rpt_roster - 0 字段 / 0 行
2026-09-10 18:52:50 | 2026-09-10 18:52:50 [INFO] 开始连接 - pgm-uf6jv8kq7xfyu4fako.pg.rds.aliyuncs.com:5432/crmdb_test
2026-09-10 18:52:50 | 2026-09-10 18:52:50 [OK] 数据库列表 · 8 个
2026-09-10 18:52:50 | 2026-09-10 18:52:50 [OK] Schema 列表 · 6 个 · 默认 cust_u_rhkj
2026-09-10 18:52:50 | 2026-09-10 18:52:50 [OK] 表列表 · 918 个
2026-09-10 18:52:51 | 2026-09-10 18:52:51 [OK] 加载表 cust_u_rhkj.Sheet1 - 7 字段 / 50 行
2026-09-10 18:52:51 | 2026-09-10 18:52:51 [OK] 连接完成
2026-09-10 18:52:59 | 2026-09-10 18:52:59 [INFO] 切换表 Sheet1 → chufeng_user
2026-09-10 18:53:00 | 2026-09-10 18:53:00 [OK] 加载表 cust_u_rhkj.chufeng_user - 18 字段 / 50 行
2026-09-10 18:53:14 | 2026-09-10 18:53:14 [SQL] 执行条件搜索 | SELECT * FROM "cust_u_rhkj"."chufeng_user" WHERE "mobile"::text LIKE :mobile LIMIT 1000
2026-09-10 18:53:14 | 2026-09-10 18:53:14 [OK] 搜索命中 · 1 条
2026-09-10 18:53:33 | 2026-09-10 18:53:33 [INFO] 开始连接 - pgm-uf6jv8kq7xfyu4fako.pg.rds.aliyuncs.com:5432/crmdb_test
2026-09-10 18:53:33 | 2026-09-10 18:53:33 [OK] 数据库列表 · 8 个
2026-09-10 18:53:33 | 2026-09-10 18:53:33 [OK] Schema 列表 · 6 个 · 默认 cust_u_rhkj
2026-09-10 18:53:33 | 2026-09-10 18:53:33 [OK] 表列表 · 918 个
2026-09-10 18:53:33 | 2026-09-10 18:53:33 [OK] 加载表 cust_u_rhkj.Sheet1 - 7 字段 / 50 行
2026-09-10 18:53:33 | 2026-09-10 18:53:33 [OK] 连接完成
2026-09-10 18:53:42 | 2026-09-10 18:53:42 [INFO] 切换表 Sheet1 → chufeng_user
2026-09-10 18:53:42 | 2026-09-10 18:53:42 [OK] 加载表 cust_u_rhkj.chufeng_user - 18 字段 / 50 行
2026-09-10 18:53:52 | 2026-09-10 18:53:52 [SQL] 执行条件搜索 | SELECT * FROM "cust_u_rhkj"."chufeng_user" WHERE "mobile"::text LIKE :mobile LIMIT 1000
2026-09-10 18:53:53 | 2026-09-10 18:53:52 [OK] 搜索命中 · 1 条
2026-09-10 18:54:15 | 2026-09-10 18:54:15 [SQL] 执行条件搜索 | SELECT * FROM "cust_u_rhkj"."chufeng_user" WHERE "mobile"::text LIKE :mobile LIMIT 1000
2026-09-10 18:54:15 | 2026-09-10 18:54:15 [OK] 搜索命中 · 1 条
2026-09-10 18:54:17 | 2026-09-10 18:54:17 [SQL] 执行条件搜索 | SELECT * FROM "cust_u_rhkj"."chufeng_user" WHERE "mobile"::text LIKE :mobile LIMIT 1000
2026-09-10 18:54:17 | 2026-09-10 18:54:17 [OK] 搜索命中 · 1 条
2026-09-10 18:59:04 | 2026-09-10 18:59:04 [WARN] 搜索时未输入任何条件
2026-09-10 18:59:14 | 2026-09-10 18:59:14 [SQL] 执行条件搜索 | SELECT * FROM "cust_u_rhkj"."chufeng_user" WHERE "mobile"::text LIKE :mobile LIMIT 1000
2026-09-10 18:59:15 | 2026-09-10 18:59:15 [OK] 搜索命中 · 0 条
2026-09-10 18:59:18 | 2026-09-10 18:59:18 [SQL] 执行条件搜索 | SELECT * FROM "cust_u_rhkj"."chufeng_user" WHERE "mobile"::text LIKE :mobile LIMIT 1000
2026-09-10 18:59:19 | 2026-09-10 18:59:19 [OK] 搜索命中 · 0 条
2026-09-10 18:59:27 | 2026-09-10 18:59:27 [SQL] 执行条件搜索 | SELECT * FROM "cust_u_rhkj"."chufeng_user" WHERE "mobile"::text LIKE :mobile LIMIT 1000
2026-09-10 18:59:27 | 2026-09-10 18:59:27 [OK] 搜索命中 · 1 条
2026-09-10 19:01:38 | 2026-09-10 19:01:38 [INFO] 开始连接 - pgm-uf6jv8kq7xfyu4fako.pg.rds.aliyuncs.com:5432/crmdb_test
2026-09-10 19:01:38 | 2026-09-10 19:01:38 [OK] 数据库列表 · 8 个
2026-09-10 19:01:38 | 2026-09-10 19:01:38 [OK] Schema 列表 · 6 个 · 默认 cust_u_rhkj
2026-09-10 19:01:38 | 2026-09-10 19:01:38 [OK] 表列表 · 918 个
2026-09-10 19:01:38 | 2026-09-10 19:01:38 [OK] 加载表 cust_u_rhkj.Sheet1 - 7 字段 / 50 行
2026-09-10 19:01:38 | 2026-09-10 19:01:38 [OK] 连接完成
2026-09-10 19:01:45 | 2026-09-10 19:01:45 [INFO] 切换表 Sheet1 → chufeng_user
2026-09-10 19:01:46 | 2026-09-10 19:01:46 [OK] 加载表 cust_u_rhkj.chufeng_user - 18 字段 / 50 行
2026-09-10 19:01:53 | 2026-09-10 19:01:53 [SQL] 执行条件搜索 | SELECT * FROM "cust_u_rhkj"."chufeng_user" WHERE "mobile"::text LIKE :mobile LIMIT 1000
2026-09-10 19:01:53 | 2026-09-10 19:01:53 [OK] 搜索命中 · 1 条
2026-09-10 19:01:58 | 2026-09-10 19:01:58 [SQL] 自动 UPDATE · {'user_id': '2062374437891915776'} | UPDATE "cust_u_rhkj"."chufeng_user" SET "address" = :s_0_address WHERE "user_id" = :w_0_user_id
2026-09-10 19:01:58 | 2026-09-10 19:01:58 [OK] 自动保存 1 行 / 1 个字段
2026-09-10 19:02:26 | 2026-09-10 19:02:26 [SQL] 自动 UPDATE · {'user_id': '2062374437891915776'} | UPDATE "cust_u_rhkj"."chufeng_user" SET "address" = :s_0_address WHERE "user_id" = :w_0_user_id
2026-09-10 19:02:27 | 2026-09-10 19:02:27 [OK] 自动保存 1 行 / 1 个字段
2026-09-10 19:06:43 | 2026-09-10 19:06:43 [INFO] 开始连接 - pgm-uf6jv8kq7xfyu4fako.pg.rds.aliyuncs.com:5432/crmdb_test
2026-09-10 19:06:44 | 2026-09-10 19:06:44 [OK] 数据库列表 · 8 个
2026-09-10 19:06:44 | 2026-09-10 19:06:44 [OK] Schema 列表 · 6 个 · 默认 cust_u_rhkj
2026-09-10 19:06:44 | 2026-09-10 19:06:44 [OK] 表列表 · 918 个
2026-09-10 19:06:45 | 2026-09-10 19:06:45 [OK] 加载表 cust_u_rhkj.Sheet1 - 7 字段 / 50 行
2026-09-10 19:06:45 | 2026-09-10 19:06:45 [OK] 连接完成
2026-09-10 19:07:01 | 2026-09-10 19:07:01 [INFO] 切换表 Sheet1 → chufeng_user
2026-09-10 19:07:01 | 2026-09-10 19:07:01 [OK] 加载表 cust_u_rhkj.chufeng_user - 18 字段 / 50 行
2026-09-10 19:07:19 | 2026-09-10 19:07:19 [SQL] 执行条件搜索 | SELECT * FROM "cust_u_rhkj"."chufeng_user" WHERE "mobile"::text LIKE :mobile LIMIT 1000
2026-09-10 19:07:20 | 2026-09-10 19:07:20 [OK] 搜索命中 · 1 条
2026-09-10 19:17:15 | 2026-09-10 19:17:15 [INFO] 切换表 chufeng_user → t_post_ability
2026-09-10 19:17:16 | 2026-09-10 19:17:16 [OK] 加载表 cust_u_rhkj.t_post_ability - 19 字段 / 50 行
2026-09-10 19:17:23 | 2026-09-10 19:17:23 [WARN] 搜索时未输入任何条件
2026-09-10 19:17:27 | 2026-09-10 19:17:27 [INFO] 开始连接 - pgm-uf6jv8kq7xfyu4fako.pg.rds.aliyuncs.com:5432/crmdb_test
2026-09-10 19:17:27 | 2026-09-10 19:17:27 [OK] 数据库列表 · 8 个
2026-09-10 19:17:28 | 2026-09-10 19:17:28 [OK] Schema 列表 · 6 个 · 默认 cust_u_rhkj
2026-09-10 19:17:28 | 2026-09-10 19:17:28 [OK] 表列表 · 918 个
2026-09-10 19:17:28 | 2026-09-10 19:17:28 [OK] 加载表 cust_u_rhkj.Sheet1 - 7 字段 / 50 行
2026-09-10 19:17:28 | 2026-09-10 19:17:28 [OK] 连接完成
2026-09-10 19:17:32 | 2026-09-10 19:17:32 [INFO] 切换表 Sheet1 → t_post_ability
2026-09-10 19:17:32 | 2026-09-10 19:17:32 [OK] 加载表 cust_u_rhkj.t_post_ability - 19 字段 / 50 行
2026-09-10 19:17:50 | 2026-09-10 19:17:50 [SQL] 执行条件搜索 | SELECT * FROM "cust_u_rhkj"."t_post_ability" WHERE "dict_label"::text LIKE :dict_label LIMIT 1000
2026-09-10 19:17:50 | 2026-09-10 19:17:50 [OK] 搜索命中 · 3 条
2026-09-10 19:18:41 | 2026-09-10 19:18:41 [INFO] 切换数据库 crmdb_test → learningtrajectory
2026-09-10 19:18:41 | 2026-09-10 19:18:41 [INFO] 开始连接 - pgm-uf6jv8kq7xfyu4fako.pg.rds.aliyuncs.com:5432/learningtrajectory
2026-09-10 19:18:41 | 2026-09-10 19:18:41 [OK] Schema 列表 · 4 个 · 默认 cust_u_rhkj
2026-09-10 19:18:42 | 2026-09-10 19:18:42 [OK] 表列表 · 180 个
2026-09-10 19:18:42 | 2026-09-10 19:18:42 [OK] 加载表 cust_u_rhkj.account - 190 字段 / 50 行
2026-09-10 19:18:42 | 2026-09-10 19:18:42 [OK] 连接完成
2026-09-10 19:18:42 | 2026-09-10 19:18:42 [WARN] 连接参数变化，重置
2026-09-10 19:18:42 | 2026-09-10 19:18:42 [INFO] 开始连接 - pgm-uf6jv8kq7xfyu4fako.pg.rds.aliyuncs.com:5432/learningtrajectory
2026-09-10 19:18:42 | 2026-09-10 19:18:42 [OK] 数据库列表 · 8 个
2026-09-10 19:18:42 | 2026-09-10 19:18:42 [OK] Schema 列表 · 4 个 · 默认 cust_u_rhkj
2026-09-10 19:18:42 | 2026-09-10 19:18:42 [OK] 表列表 · 180 个
2026-09-10 19:18:42 | 2026-09-10 19:18:42 [OK] 加载表 cust_u_rhkj.account - 190 字段 / 50 行
2026-09-10 19:18:42 | 2026-09-10 19:18:42 [OK] 连接完成
2026-09-10 19:18:53 | 2026-09-10 19:18:53 [INFO] 切换表 account → t_post_ability
2026-09-10 19:18:54 | 2026-09-10 19:18:54 [OK] 加载表 cust_u_rhkj.t_post_ability - 19 字段 / 50 行
2026-09-10 19:19:01 | 2026-09-10 19:19:01 [SQL] 执行条件搜索 | SELECT * FROM "cust_u_rhkj"."t_post_ability" WHERE "dict_label"::text LIKE :dict_label LIMIT 1000
2026-09-10 19:19:02 | 2026-09-10 19:19:02 [OK] 搜索命中 · 3 条
2026-09-10 19:19:59 | 2026-09-10 19:19:59 [SQL] 自动 UPDATE · {'id': '2074417941185388546'} | UPDATE "cust_u_rhkj"."t_post_ability" SET "limit_time" = :s_0_limit_time WHERE "id" = :w_0_id
2026-09-10 19:19:59 | 2026-09-10 19:19:59 [OK] 自动保存 1 行 / 1 个字段
2026-09-10 19:20:53 | 2026-09-10 19:20:53 [SQL] 执行条件搜索 | SELECT * FROM "cust_u_rhkj"."t_post_ability" WHERE "dict_label"::text LIKE :dict_label LIMIT 1000
2026-09-10 19:20:53 | 2026-09-10 19:20:53 [OK] 搜索命中 · 3 条
2026-09-10 19:36:33 | 2026-09-10 19:36:33 [SQL] 执行条件搜索 | SELECT * FROM "cust_u_rhkj"."t_post_ability" WHERE "dict_label"::text LIKE :dict_label LIMIT 1000
2026-09-10 19:36:34 | 2026-09-10 19:36:34 [OK] 搜索命中 · 1 条
2026-09-10 19:36:35 | 2026-09-10 19:36:35 [SQL] 执行条件搜索 | SELECT * FROM "cust_u_rhkj"."t_post_ability" WHERE "dict_label"::text LIKE :dict_label LIMIT 1000
2026-09-10 19:36:36 | 2026-09-10 19:36:36 [SQL] 执行条件搜索 | SELECT * FROM "cust_u_rhkj"."t_post_ability" WHERE "dict_label"::text LIKE :dict_label LIMIT 1000
2026-09-10 19:36:36 | 2026-09-10 19:36:36 [OK] 搜索命中 · 1 条
2026-09-10 19:36:45 | 2026-09-10 19:36:45 [INFO] 切换数据库 learningtrajectory → crmdb_test
2026-09-10 19:36:45 | 2026-09-10 19:36:45 [INFO] 开始连接 - pgm-uf6jv8kq7xfyu4fako.pg.rds.aliyuncs.com:5432/crmdb_test
2026-09-10 19:36:45 | 2026-09-10 19:36:45 [OK] Schema 列表 · 6 个 · 默认 cust_u_rhkj
2026-09-10 19:36:46 | 2026-09-10 19:36:46 [OK] 表列表 · 919 个
2026-09-10 19:36:46 | 2026-09-10 19:36:46 [OK] 加载表 cust_u_rhkj.Sheet1 - 7 字段 / 50 行
2026-09-10 19:36:46 | 2026-09-10 19:36:46 [OK] 连接完成
2026-09-10 19:36:46 | 2026-09-10 19:36:46 [WARN] 连接参数变化，重置
2026-09-10 19:36:46 | 2026-09-10 19:36:46 [INFO] 开始连接 - pgm-uf6jv8kq7xfyu4fako.pg.rds.aliyuncs.com:5432/crmdb_test
2026-09-10 19:36:46 | 2026-09-10 19:36:46 [OK] 数据库列表 · 8 个
2026-09-10 19:36:46 | 2026-09-10 19:36:46 [OK] Schema 列表 · 6 个 · 默认 cust_u_rhkj
2026-09-10 19:36:46 | 2026-09-10 19:36:46 [OK] 表列表 · 919 个
2026-09-10 19:36:46 | 2026-09-10 19:36:46 [OK] 加载表 cust_u_rhkj.Sheet1 - 7 字段 / 50 行
2026-09-10 19:36:46 | 2026-09-10 19:36:46 [OK] 连接完成
2026-09-10 19:37:01 | 2026-09-10 19:37:01 [INFO] 切换表 Sheet1 → t_post_ability
2026-09-10 19:37:01 | 2026-09-10 19:37:01 [OK] 加载表 cust_u_rhkj.t_post_ability - 19 字段 / 50 行
2026-09-10 19:37:12 | 2026-09-10 19:37:12 [SQL] 执行条件搜索 | SELECT * FROM "cust_u_rhkj"."t_post_ability" WHERE "dict_label"::text LIKE :dict_label LIMIT 1000
2026-09-10 19:37:12 | 2026-09-10 19:37:12 [OK] 搜索命中 · 3 条
2026-09-10 19:37:24 | 2026-09-10 19:37:24 [INFO] 待删除行主键: id=2073945395105423362
2026-09-10 19:37:24 | 2026-09-10 19:37:24 [INFO] 待删除行主键: id=2074417941185388546
2026-09-10 19:37:24 | 2026-09-10 19:37:24 [SQL] 执行 DELETE · 2 行 | DELETE FROM "cust_u_rhkj"."t_post_ability" WHERE "id" IN (:pk_0_id, :pk_1_id)
2026-09-10 19:37:24 | 2026-09-10 19:37:24 [OK] 删除成功 · 2 行
2026-09-10 19:37:28 | 2026-09-10 19:37:28 [SQL] 执行条件搜索 | SELECT * FROM "cust_u_rhkj"."t_post_ability" WHERE "dict_label"::text LIKE :dict_label LIMIT 1000
2026-09-10 19:37:28 | 2026-09-10 19:37:28 [OK] 搜索命中 · 1 条
2026-09-10 19:37:40 | 2026-09-10 19:37:40 [SQL] 自动 UPDATE · {'id': '2059244120157454338'} | UPDATE "cust_u_rhkj"."t_post_ability" SET "limit_time" = :s_0_limit_time WHERE "id" = :w_0_id
2026-09-10 19:37:40 | 2026-09-10 19:37:40 [OK] 自动保存 1 行 / 1 个字段
2026-09-10 19:41:40 | 2026-09-10 19:41:40 [SQL] 执行条件搜索 | SELECT * FROM "cust_u_rhkj"."t_post_ability" WHERE "dict_label"::text LIKE :dict_label LIMIT 1000
2026-09-10 19:41:41 | 2026-09-10 19:41:41 [OK] 搜索命中 · 1 条
2026-09-10 19:41:51 | 2026-09-10 19:41:51 [SQL] 自动 UPDATE · {'id': '2059244120157454338'} | UPDATE "cust_u_rhkj"."t_post_ability" SET "limit_time" = :s_0_limit_time WHERE "id" = :w_0_id
2026-09-10 19:41:51 | 2026-09-10 19:41:51 [OK] 自动保存 1 行 / 1 个字段
2026-09-10 19:42:21 | 2026-09-10 19:42:21 [SQL] 自动 UPDATE · {'id': '2059244120157454338'} | UPDATE "cust_u_rhkj"."t_post_ability" SET "limit_time" = :s_0_limit_time WHERE "id" = :w_0_id
2026-09-10 19:42:21 | 2026-09-10 19:42:21 [OK] 自动保存 1 行 / 1 个字段
2026-09-10 19:58:53 | 2026-09-10 19:58:53 [SQL] 执行条件搜索 | SELECT * FROM "cust_u_rhkj"."t_post_ability" WHERE "dict_label"::text LIKE :dict_label LIMIT 1000
2026-09-10 19:58:54 | 2026-09-10 19:58:54 [OK] 搜索命中 · 1 条
2026-09-10 20:07:24 | 2026-09-10 20:07:24 [SQL] 自动 UPDATE · {'id': '2059244120157454338'} | UPDATE "cust_u_rhkj"."t_post_ability" SET "limit_time" = :s_0_limit_time WHERE "id" = :w_0_id
2026-09-10 20:07:24 | 2026-09-10 20:07:24 [OK] 自动保存 1 行 / 1 个字段
2026-09-10 20:08:34 | 2026-09-10 20:08:34 [SQL] 自动 UPDATE · {'id': '2059244120157454338'} | UPDATE "cust_u_rhkj"."t_post_ability" SET "limit_time" = :s_0_limit_time WHERE "id" = :w_0_id
2026-09-10 20:08:34 | 2026-09-10 20:08:34 [OK] 自动保存 1 行 / 1 个字段
2026-09-10 20:12:08 | 2026-09-10 20:12:08 [SQL] 执行条件搜索 | SELECT * FROM "cust_u_rhkj"."t_post_ability" WHERE "dict_label"::text LIKE :dict_label LIMIT 1000
2026-09-10 20:12:08 | 2026-09-10 20:12:08 [OK] 搜索命中 · 2 条
2026-09-10 20:12:18 | 2026-09-10 20:12:18 [INFO] 待删除行主键: id=2078087017275400193
2026-09-10 20:12:18 | 2026-09-10 20:12:18 [SQL] 执行 DELETE · 1 行 | DELETE FROM "cust_u_rhkj"."t_post_ability" WHERE "id" IN (:pk_0_id)
2026-09-10 20:12:18 | 2026-09-10 20:12:18 [OK] 删除成功 · 1 行
2026-09-10 20:12:23 | 2026-09-10 20:12:23 [SQL] 执行条件搜索 | SELECT * FROM "cust_u_rhkj"."t_post_ability" WHERE "dict_label"::text LIKE :dict_label LIMIT 1000
2026-09-10 20:12:24 | 2026-09-10 20:12:24 [OK] 搜索命中 · 1 条
2026-09-10 20:18:00 | 2026-09-10 20:18:00 [SQL] 执行条件搜索 | SELECT * FROM "cust_u_rhkj"."t_post_ability" WHERE "dict_label"::text LIKE :dict_label LIMIT 1000
2026-09-10 20:18:00 | 2026-09-10 20:18:00 [OK] 搜索命中 · 1 条
2026-09-10 20:22:37 | 2026-09-10 20:22:37 [SQL] 执行条件搜索 | SELECT * FROM "cust_u_rhkj"."t_post_ability" WHERE "dict_label"::text LIKE :dict_label LIMIT 1000
2026-09-10 20:22:38 | 2026-09-10 20:22:38 [OK] 搜索命中 · 1 条
2026-09-10 20:22:42 | 2026-09-10 20:22:42 [SQL] 自动 UPDATE · {'id': '2059244120157454338'} | UPDATE "cust_u_rhkj"."t_post_ability" SET "limit_time" = :s_0_limit_time WHERE "id" = :w_0_id
2026-09-10 20:22:42 | 2026-09-10 20:22:42 [OK] 自动保存 1 行 / 1 个字段
2026-09-10 20:28:07 | 2026-09-10 20:28:07 [SQL] 自动 UPDATE · {'id': '2059244120157454338'} | UPDATE "cust_u_rhkj"."t_post_ability" SET "limit_time" = :s_0_limit_time WHERE "id" = :w_0_id
2026-09-10 20:28:07 | 2026-09-10 20:28:07 [OK] 自动保存 1 行 / 1 个字段
2026-09-10 20:39:36 | 2026-09-10 20:39:36 [SQL] 自动 UPDATE · {'id': '2059244120157454338'} | UPDATE "cust_u_rhkj"."t_post_ability" SET "limit_time" = :s_0_limit_time WHERE "id" = :w_0_id
2026-09-10 20:39:36 | 2026-09-10 20:39:36 [OK] 自动保存 1 行 / 1 个字段
2026-09-11 09:34:55 | 2026-09-11 09:34:55 [INFO] 开始连接 - pgm-uf6jv8kq7xfyu4fako.pg.rds.aliyuncs.com:5432/crmdb_test
2026-09-11 09:34:55 | 2026-09-11 09:34:55 [OK] 数据库列表 · 8 个
2026-09-11 09:34:56 | 2026-09-11 09:34:56 [OK] Schema 列表 · 7 个 · 默认 cust_u_rhkj
2026-09-11 09:34:56 | 2026-09-11 09:34:56 [OK] 表列表 · 921 个
2026-09-11 09:34:57 | 2026-09-11 09:34:57 [OK] 加载表 cust_u_rhkj.Sheet1 - 7 字段 / 50 行
2026-09-11 09:34:57 | 2026-09-11 09:34:57 [OK] 连接完成
2026-09-11 09:35:09 | 2026-09-11 09:35:09 [INFO] 切换表 Sheet1 → t_post_ability
2026-09-11 09:35:09 | 2026-09-11 09:35:09 [OK] 加载表 cust_u_rhkj.t_post_ability - 19 字段 / 47 行
2026-09-11 09:35:16 | 2026-09-11 09:35:16 [SQL] 执行条件搜索 | SELECT * FROM "cust_u_rhkj"."t_post_ability" WHERE "dict_label"::text LIKE :dict_label LIMIT 1000
2026-09-11 09:35:17 | 2026-09-11 09:35:17 [OK] 搜索命中 · 1 条
2026-09-11 09:35:37 | 2026-09-11 09:35:37 [WARN] 搜索时未输入任何条件
2026-09-11 09:35:42 | 2026-09-11 09:35:42 [SQL] 执行条件搜索 | SELECT * FROM "cust_u_rhkj"."t_post_ability" WHERE "dict_label"::text LIKE :dict_label LIMIT 1000
2026-09-11 09:35:43 | 2026-09-11 09:35:43 [OK] 搜索命中 · 1 条
2026-09-11 09:35:47 | 2026-09-11 09:35:47 [SQL] 自动 UPDATE · {'id': '2059244120157454338'} | UPDATE "cust_u_rhkj"."t_post_ability" SET "limit_time" = :s_0_limit_time WHERE "id" = :w_0_id
2026-09-11 09:35:47 | 2026-09-11 09:35:47 [OK] 自动保存 1 行 / 1 个字段
2026-09-11 10:07:01 | 2026-09-11 10:07:01 [INFO] 切换数据库 crmdb_test → learningtrajectory
2026-09-11 10:07:01 | 2026-09-11 10:07:01 [INFO] 开始连接 - pgm-uf6jv8kq7xfyu4fako.pg.rds.aliyuncs.com:5432/learningtrajectory
2026-09-11 10:07:02 | 2026-09-11 10:07:02 [OK] Schema 列表 · 4 个 · 默认 cust_u_rhkj
2026-09-11 10:07:02 | 2026-09-11 10:07:02 [OK] 表列表 · 180 个
2026-09-11 10:07:02 | 2026-09-11 10:07:02 [OK] 加载表 cust_u_rhkj.account - 190 字段 / 50 行
2026-09-11 10:07:02 | 2026-09-11 10:07:02 [OK] 连接完成
2026-09-11 10:07:02 | 2026-09-11 10:07:02 [WARN] 连接参数变化，重置
2026-09-11 10:07:03 | 2026-09-11 10:07:03 [INFO] 开始连接 - pgm-uf6jv8kq7xfyu4fako.pg.rds.aliyuncs.com:5432/learningtrajectory
2026-09-11 10:07:03 | 2026-09-11 10:07:03 [OK] 数据库列表 · 8 个
2026-09-11 10:07:03 | 2026-09-11 10:07:03 [OK] Schema 列表 · 4 个 · 默认 cust_u_rhkj
2026-09-11 10:07:03 | 2026-09-11 10:07:03 [OK] 表列表 · 180 个
2026-09-11 10:07:03 | 2026-09-11 10:07:03 [OK] 加载表 cust_u_rhkj.account - 190 字段 / 50 行
2026-09-11 10:07:03 | 2026-09-11 10:07:03 [OK] 连接完成
2026-09-11 10:07:05 | 2026-09-11 10:07:05 [INFO] 切换表 account → t_recruitment_management
2026-09-11 10:07:06 | 2026-09-11 10:07:06 [OK] 加载表 cust_u_rhkj.t_recruitment_management - 43 字段 / 50 行
2026-09-11 10:07:07 | 2026-09-11 10:07:07 [WARN] 搜索时未输入任何条件
2026-09-11 10:07:14 | 2026-09-11 10:07:14 [SQL] 执行条件搜索 | SELECT * FROM "cust_u_rhkj"."t_recruitment_management" WHERE "phone"::text LIKE :phone LIMIT 1000
2026-09-11 10:07:14 | 2026-09-11 10:07:14 [OK] 搜索命中 · 1 条
2026-09-11 10:07:29 | 2026-09-11 10:07:29 [SQL] 执行条件搜索 | SELECT * FROM "cust_u_rhkj"."t_recruitment_management" WHERE "phone"::text LIKE :phone LIMIT 1000
2026-09-11 10:07:30 | 2026-09-11 10:07:30 [OK] 搜索命中 · 1 条
2026-09-11 10:07:32 | 2026-09-11 10:07:32 [INFO] 切换表 t_recruitment_management → t_exam_stu_info
2026-09-11 10:07:32 | 2026-09-11 10:07:32 [OK] 加载表 cust_u_rhkj.t_exam_stu_info - 23 字段 / 50 行
2026-09-11 10:07:33 | 2026-09-11 10:07:33 [WARN] 搜索时未输入任何条件
2026-09-11 10:07:38 | 2026-09-11 10:07:38 [SQL] 执行条件搜索 | SELECT * FROM "cust_u_rhkj"."t_exam_stu_info" WHERE "stu_id"::text LIKE :stu_id LIMIT 1000
2026-09-11 10:07:42 | 2026-09-11 10:07:42 [OK] 搜索命中 · 0 条
2026-09-11 10:07:59 | 2026-09-11 10:07:59 [SQL] 执行条件搜索 | SELECT * FROM "cust_u_rhkj"."t_exam_stu_info" WHERE "exam_id"::text LIKE :exam_id LIMIT 1000
2026-09-11 10:08:03 | 2026-09-11 10:08:03 [OK] 搜索命中 · 1 条
2026-09-11 10:24:32 | 2026-09-11 10:24:32 [INFO] 开始连接 - pgm-uf6jv8kq7xfyu4fako.pg.rds.aliyuncs.com:5432/crmdb_test
2026-09-11 10:24:33 | 2026-09-11 10:24:33 [OK] 数据库列表 · 8 个
2026-09-11 10:24:33 | 2026-09-11 10:24:33 [OK] Schema 列表 · 7 个 · 默认 cust_u_rhkj
2026-09-11 10:24:33 | 2026-09-11 10:24:33 [OK] 表列表 · 921 个
2026-09-11 10:24:34 | 2026-09-11 10:24:34 [OK] 加载表 cust_u_rhkj.Sheet1 - 7 字段 / 50 行
2026-09-11 10:24:34 | 2026-09-11 10:24:34 [OK] 连接完成
2026-09-11 10:24:46 | 2026-09-11 10:24:46 [INFO] 切换表 Sheet1 → chufeng_user
2026-09-11 10:24:47 | 2026-09-11 10:24:47 [OK] 加载表 cust_u_rhkj.chufeng_user - 18 字段 / 50 行
2026-09-11 10:24:57 | 2026-09-11 10:24:57 [SQL] 执行条件搜索 | SELECT * FROM "cust_u_rhkj"."chufeng_user" WHERE "mobile"::text LIKE :mobile LIMIT 1000
2026-09-11 10:24:58 | 2026-09-11 10:24:58 [OK] 搜索命中 · 0 条
2026-09-11 10:25:01 | 2026-09-11 10:25:01 [SQL] 执行条件搜索 | SELECT * FROM "cust_u_rhkj"."chufeng_user" WHERE "mobile"::text LIKE :mobile LIMIT 1000
2026-09-11 10:25:01 | 2026-09-11 10:25:01 [OK] 搜索命中 · 1 条
2026-09-11 10:25:03 | 2026-09-11 10:25:03 [SQL] 执行条件搜索 | SELECT * FROM "cust_u_rhkj"."chufeng_user" WHERE "mobile"::text LIKE :mobile LIMIT 1000
2026-09-11 10:25:03 | 2026-09-11 10:25:03 [OK] 搜索命中 · 1 条
2026-09-11 10:25:27 | 2026-09-11 10:25:27 [INFO] 开始连接 - pgm-uf6jv8kq7xfyu4fako.pg.rds.aliyuncs.com:5432/crmdb_test
2026-09-11 10:25:27 | 2026-09-11 10:25:27 [OK] 数据库列表 · 8 个
2026-09-11 10:25:27 | 2026-09-11 10:25:27 [OK] Schema 列表 · 7 个 · 默认 cust_u_rhkj
2026-09-11 10:25:27 | 2026-09-11 10:25:27 [OK] 表列表 · 921 个
2026-09-11 10:25:27 | 2026-09-11 10:25:27 [OK] 加载表 cust_u_rhkj.Sheet1 - 7 字段 / 50 行
2026-09-11 10:25:27 | 2026-09-11 10:25:27 [OK] 连接完成
2026-09-11 10:25:33 | 2026-09-11 10:25:33 [INFO] 切换表 Sheet1 → chufeng_user
2026-09-11 10:25:33 | 2026-09-11 10:25:33 [OK] 加载表 cust_u_rhkj.chufeng_user - 18 字段 / 50 行
2026-09-11 10:25:36 | 2026-09-11 10:25:36 [SQL] 执行条件搜索 | SELECT * FROM "cust_u_rhkj"."chufeng_user" WHERE "mobile"::text LIKE :mobile LIMIT 1000
2026-09-11 10:25:36 | 2026-09-11 10:25:36 [OK] 搜索命中 · 1 条
2026-09-11 10:25:36 | 2026-09-11 10:25:36 [SQL] 执行条件搜索 | SELECT * FROM "cust_u_rhkj"."chufeng_user" WHERE "mobile"::text LIKE :mobile LIMIT 1000
2026-09-11 10:25:36 | 2026-09-11 10:25:36 [OK] 搜索命中 · 1 条
2026-09-11 10:25:40 | 2026-09-11 10:25:40 [SQL] 自动 UPDATE · {'user_id': '2062374437891915776'} | UPDATE "cust_u_rhkj"."chufeng_user" SET "address" = :s_0_address WHERE "user_id" = :w_0_user_id
2026-09-11 10:25:40 | 2026-09-11 10:25:40 [OK] 自动保存 1 行 / 1 个字段
2026-09-11 10:31:03 | 2026-09-11 10:31:03 [INFO] 切换数据库 learningtrajectory → crmdb_test
2026-09-11 10:31:04 | 2026-09-11 10:31:04 [INFO] 开始连接 - pgm-uf6jv8kq7xfyu4fako.pg.rds.aliyuncs.com:5432/crmdb_test
2026-09-11 10:31:04 | 2026-09-11 10:31:04 [OK] Schema 列表 · 7 个 · 默认 cust_u_rhkj
2026-09-11 10:31:04 | 2026-09-11 10:31:04 [OK] 表列表 · 921 个
2026-09-11 10:31:05 | 2026-09-11 10:31:05 [OK] 加载表 cust_u_rhkj.Sheet1 - 7 字段 / 50 行
2026-09-11 10:31:05 | 2026-09-11 10:31:05 [OK] 连接完成
2026-09-11 10:31:05 | 2026-09-11 10:31:05 [WARN] 连接参数变化，重置
2026-09-11 10:31:05 | 2026-09-11 10:31:05 [INFO] 开始连接 - pgm-uf6jv8kq7xfyu4fako.pg.rds.aliyuncs.com:5432/crmdb_test
2026-09-11 10:31:05 | 2026-09-11 10:31:05 [OK] 数据库列表 · 8 个
2026-09-11 10:31:05 | 2026-09-11 10:31:05 [OK] Schema 列表 · 7 个 · 默认 cust_u_rhkj
2026-09-11 10:31:05 | 2026-09-11 10:31:05 [OK] 表列表 · 921 个
2026-09-11 10:31:05 | 2026-09-11 10:31:05 [OK] 加载表 cust_u_rhkj.Sheet1 - 7 字段 / 50 行
2026-09-11 10:31:05 | 2026-09-11 10:31:05 [OK] 连接完成
2026-09-11 10:31:09 | 2026-09-11 10:31:09 [INFO] 切换表 Sheet1 → chufeng_user
2026-09-11 10:31:09 | 2026-09-11 10:31:09 [OK] 加载表 cust_u_rhkj.chufeng_user - 18 字段 / 50 行
2026-09-11 10:37:20 | 2026-09-11 10:37:20 [INFO] 切换表 chufeng_user → chufeng_activity
2026-09-11 10:37:20 | 2026-09-11 10:37:20 [OK] 加载表 cust_u_rhkj.chufeng_activity - 19 字段 / 50 行
2026-09-11 10:40:17 | 2026-09-11 10:40:17 [INFO] 开始连接 - pgm-uf6jv8kq7xfyu4fako.pg.rds.aliyuncs.com:5432/crmdb_test
2026-09-11 10:40:17 | 2026-09-11 10:40:17 [OK] 数据库列表 · 8 个
2026-09-11 10:40:17 | 2026-09-11 10:40:17 [OK] Schema 列表 · 7 个 · 默认 cust_u_rhkj
2026-09-11 10:40:18 | 2026-09-11 10:40:18 [OK] 表列表 · 921 个
2026-09-11 10:40:34 | 2026-09-11 10:40:34 [INFO] 开始连接 - pgm-uf6jv8kq7xfyu4fako.pg.rds.aliyuncs.com:5432/crmdb_test
2026-09-11 10:40:34 | 2026-09-11 10:40:34 [OK] 数据库列表 · 8 个
2026-09-11 10:40:34 | 2026-09-11 10:40:34 [OK] Schema 列表 · 7 个 · 默认 cust_u_rhkj
2026-09-11 10:40:34 | 2026-09-11 10:40:34 [OK] 表列表 · 921 个
2026-09-11 10:40:34 | 2026-09-11 10:40:34 [OK] 加载表 cust_u_rhkj.Sheet1 - 7 字段 / 50 行
2026-09-11 10:40:34 | 2026-09-11 10:40:34 [OK] 连接完成
2026-09-11 10:40:57 | 2026-09-11 10:40:57 [INFO] 模板参数替换完成 · 查询楚风用户 - 参数=['18792169901']
2026-09-11 10:40:57 | 2026-09-11 10:40:57 [SQL] 执行SQL · 查询楚风用户 | select * from "cust_u_rhkj"."chufeng_user" where mobile={参数1}
2026-09-11 10:40:57 | 2026-09-11 10:40:57 [ERR] SQL 执行失败 - Execution failed on sql 'select * from "cust_u_rhkj"."chufeng_user" where mobile={参数1}': (psycopg2.errors.SyntaxError) syntax error at or near "{"
LINE 1: ...ect * from "cust_u_rhkj"."chufeng_user" where mobile={参数1}
                                                                ^

[SQL: select * from "cust_u_rhkj"."chufeng_user" where mobile={参数1}]
(Background on this error at: https://sqlalche.me/e/20/f405)
2026-09-11 10:49:44 | 2026-09-11 10:49:44 [INFO] 开始连接 - pgm-uf6jv8kq7xfyu4fako.pg.rds.aliyuncs.com:5432/crmdb_test
2026-09-11 10:49:44 | 2026-09-11 10:49:44 [OK] 数据库列表 · 8 个
2026-09-11 10:49:44 | 2026-09-11 10:49:44 [OK] Schema 列表 · 7 个 · 默认 cust_u_rhkj
2026-09-11 10:49:45 | 2026-09-11 10:49:45 [OK] 表列表 · 921 个
2026-09-11 10:49:45 | 2026-09-11 10:49:45 [OK] 加载表 cust_u_rhkj.Sheet1 - 7 字段 / 50 行
2026-09-11 10:49:45 | 2026-09-11 10:49:45 [OK] 连接完成
2026-09-11 10:50:00 | 2026-09-11 10:50:00 [ERR] 参数替换失败 - SQL 中未找到 {0} 或 %s 占位符，参数未替换
2026-09-11 10:50:47 | 2026-09-11 10:50:47 [INFO] 开始连接 - pgm-uf6jv8kq7xfyu4fako.pg.rds.aliyuncs.com:5432/crmdb_test
2026-09-11 10:50:47 | 2026-09-11 10:50:47 [OK] 数据库列表 · 8 个
2026-09-11 10:50:48 | 2026-09-11 10:50:48 [OK] Schema 列表 · 7 个 · 默认 cust_u_rhkj
2026-09-11 10:50:48 | 2026-09-11 10:50:48 [OK] 表列表 · 921 个
2026-09-11 10:50:48 | 2026-09-11 10:50:48 [OK] 加载表 cust_u_rhkj.Sheet1 - 7 字段 / 50 行
2026-09-11 10:50:48 | 2026-09-11 10:50:48 [OK] 连接完成
2026-09-11 10:51:10 | 2026-09-11 10:51:10 [INFO] 开始连接 - pgm-uf6jv8kq7xfyu4fako.pg.rds.aliyuncs.com:5432/crmdb_test
2026-09-11 10:51:10 | 2026-09-11 10:51:10 [OK] 数据库列表 · 8 个
2026-09-11 10:51:11 | 2026-09-11 10:51:11 [OK] Schema 列表 · 7 个 · 默认 cust_u_rhkj
2026-09-11 10:51:11 | 2026-09-11 10:51:11 [OK] 表列表 · 921 个
2026-09-11 10:51:11 | 2026-09-11 10:51:11 [OK] 加载表 cust_u_rhkj.Sheet1 - 7 字段 / 50 行
2026-09-11 10:51:11 | 2026-09-11 10:51:11 [OK] 连接完成
2026-09-11 10:51:26 | 2026-09-11 10:51:26 [INFO] 模板参数替换完成 · 查询楚风用户 - 参数=['18792169901']
2026-09-11 10:51:26 | 2026-09-11 10:51:26 [SQL] 执行SQL · 查询楚风用户 | select * from "cust_u_rhkj"."chufeng_user" where mobile=18792169901
2026-09-11 10:51:26 | 2026-09-11 10:51:26 [ERR] SQL 执行失败 - Execution failed on sql 'select * from "cust_u_rhkj"."chufeng_user" where mobile=18792169901 ': (psycopg2.errors.UndefinedFunction) operator does not exist: character varying = bigint
LINE 1: ...t * from "cust_u_rhkj"."chufeng_user" where mobile=187921699...
                                                             ^
HINT:  No operator matches the given name and argument types. You might need to add explicit type casts.

[SQL: select * from "cust_u_rhkj"."chufeng_user" where mobile=18792169901 ]
(Background on this error at: https://sqlalche.me/e/20/f405)
2026-09-11 10:56:12 | 2026-09-11 10:56:12 [INFO] 开始连接 - pgm-uf6jv8kq7xfyu4fako.pg.rds.aliyuncs.com:5432/crmdb_test
2026-09-11 10:56:12 | 2026-09-11 10:56:12 [OK] 数据库列表 · 8 个
2026-09-11 10:56:12 | 2026-09-11 10:56:12 [OK] Schema 列表 · 7 个 · 默认 cust_u_rhkj
2026-09-11 10:56:14 | 2026-09-11 10:56:14 [OK] 表列表 · 921 个
2026-09-11 10:56:15 | 2026-09-11 10:56:15 [OK] 加载表 cust_u_rhkj.Sheet1 - 7 字段 / 50 行
2026-09-11 10:56:15 | 2026-09-11 10:56:15 [OK] 连接完成
2026-09-11 10:56:33 | 2026-09-11 10:56:33 [INFO] 模板参数替换完成 · 查询楚风用户 - 参数=['18792169901'] | 字符串拼接模式（{n} 已加引号）
2026-09-11 10:56:33 | 2026-09-11 10:56:33 [SQL] 执行SQL · 查询楚风用户 | select * from "cust_u_rhkj"."chufeng_user" where mobile='18792169901'
2026-09-11 10:56:33 | 2026-09-11 10:56:33 [OK] SQL 执行 · 1 行
2026-09-11 10:56:45 | 2026-09-11 10:56:45 [INFO] 模板参数替换完成 · 查询楚风用户 - 参数=['18792169901'] | 字符串拼接模式（{n} 已加引号）
2026-09-11 10:56:45 | 2026-09-11 10:56:45 [SQL] 执行SQL · 查询楚风用户 | select * from "cust_u_rhkj"."chufeng_user" where mobile='18792169901'
2026-09-11 10:56:45 | 2026-09-11 10:56:45 [OK] SQL 执行 · 1 行
2026-09-11 10:57:44 | 2026-09-11 10:57:44 [INFO] 切换表 Sheet1 → chufeng_activity
2026-09-11 10:57:44 | 2026-09-11 10:57:44 [OK] 加载表 cust_u_rhkj.chufeng_activity - 19 字段 / 50 行
2026-09-11 10:57:55 | 2026-09-11 10:57:55 [INFO] 模板参数替换完成 · 查询楚风活动 - 参数=['2008025395116683264', ''] | 字符串拼接模式（{n} 已加引号）
2026-09-11 10:57:55 | 2026-09-11 10:57:55 [SQL] 执行SQL · 查询楚风活动 | select * from "cust_u_rhkj"."chufeng_activity" where activity_id='2008025395116683264'
2026-09-11 10:57:56 | 2026-09-11 10:57:56 [OK] SQL 执行 · 1 行
2026-09-11 11:15:30 | 2026-09-11 11:15:30 [INFO] 开始连接 - pgm-uf6jv8kq7xfyu4fako.pg.rds.aliyuncs.com:5432/crmdb_test
2026-09-11 11:15:32 | 2026-09-11 11:15:32 [OK] 数据库列表 · 8 个
2026-09-11 11:15:34 | 2026-09-11 11:15:34 [OK] Schema 列表 · 7 个 · 默认 cust_u_rhkj
2026-09-11 11:15:37 | 2026-09-11 11:15:37 [OK] 表列表 · 921 个
2026-09-11 11:15:39 | 2026-09-11 11:15:39 [OK] 加载表 cust_u_rhkj.Sheet1 - 7 字段 / 50 行
2026-09-11 11:15:39 | 2026-09-11 11:15:39 [OK] 连接完成
2026-09-11 11:15:50 | 2026-09-11 11:15:50 [INFO] 模板参数替换完成 · 查询楚风用户 - 参数=['18792169901'] | 字符串拼接模式（{n} 已加引号）
2026-09-11 11:15:50 | 2026-09-11 11:15:50 [SQL] 执行SQL · 查询楚风用户 | select * from "cust_u_rhkj"."chufeng_user" where mobile='18792169901'
2026-09-11 11:15:52 | 2026-09-11 11:15:52 [OK] SQL 执行 · 1 行
2026-09-11 11:16:00 | 2026-09-11 11:16:00 [SQL] SQL结果回写 UPDATE · {'user_id': '2062075859495620608', 'open_id': ''} | UPDATE "cust_u_rhkj"."chufeng_user" SET "address" = :s_0_address WHERE "user_id" = :w_0_user_id AND "open_id" = :w_0_open_id
2026-09-11 11:16:00 | 2026-09-11 11:16:00 [OK] 已回写 1 行 / 1 个字段 → cust_u_rhkj.chufeng_user
2026-09-11 11:16:20 | 2026-09-11 11:16:20 [INFO] 切换表 Sheet1 → chufeng_user
2026-09-11 11:16:21 | 2026-09-11 11:16:21 [WARN] 搜索时未输入任何条件
2026-09-11 11:16:25 | 2026-09-11 11:16:25 [WARN] 搜索时未输入任何条件
2026-09-11 11:16:54 | 2026-09-11 11:16:54 [INFO] 开始连接 - pgm-uf6jv8kq7xfyu4fako.pg.rds.aliyuncs.com:5432/crmdb_test
2026-09-11 11:16:54 | 2026-09-11 11:16:54 [OK] 数据库列表 · 8 个
2026-09-11 11:16:54 | 2026-09-11 11:16:54 [OK] Schema 列表 · 7 个 · 默认 cust_u_rhkj
2026-09-11 11:16:54 | 2026-09-11 11:16:54 [OK] 表列表 · 921 个
2026-09-11 11:16:57 | 2026-09-11 11:16:57 [OK] 加载表 cust_u_rhkj.Sheet1 - 7 字段 / 50 行
2026-09-11 11:16:57 | 2026-09-11 11:16:57 [OK] 连接完成
2026-09-11 11:17:05 | 2026-09-11 11:17:05 [INFO] 切换表 Sheet1 → chufeng_user
2026-09-11 11:17:05 | 2026-09-11 11:17:05 [OK] 加载表 cust_u_rhkj.chufeng_user - 18 字段 / 50 行
2026-09-11 11:17:10 | 2026-09-11 11:17:10 [SQL] 执行条件搜索 | SELECT * FROM "cust_u_rhkj"."chufeng_user" WHERE "mobile"::text LIKE :mobile LIMIT 1000
2026-09-11 11:17:15 | 2026-09-11 11:17:15 [OK] 搜索命中 · 1 条
2026-09-11 11:22:39 | 2026-09-11 11:22:39 [INFO] 开始连接 - pgm-uf6jv8kq7xfyu4fako.pg.rds.aliyuncs.com:5432/crmdb_test
2026-09-11 11:22:39 | 2026-09-11 11:22:39 [OK] 数据库列表 · 8 个
2026-09-11 11:22:39 | 2026-09-11 11:22:39 [OK] Schema 列表 · 7 个 · 默认 cust_u_rhkj
2026-09-11 11:22:40 | 2026-09-11 11:22:40 [OK] 表列表 · 921 个
2026-09-11 11:22:40 | 2026-09-11 11:22:40 [OK] 加载表 cust_u_rhkj.Sheet1 - 7 字段 / 50 行
2026-09-11 11:22:40 | 2026-09-11 11:22:40 [OK] 连接完成
2026-09-11 11:22:47 | 2026-09-11 11:22:47 [INFO] 切换表 Sheet1 → chufeng_user
2026-09-11 11:22:47 | 2026-09-11 11:22:47 [OK] 加载表 cust_u_rhkj.chufeng_user - 18 字段 / 50 行
2026-09-11 11:23:02 | 2026-09-11 11:23:02 [INFO] 切换表 chufeng_user → chufeng_activity
2026-09-11 11:23:02 | 2026-09-11 11:23:02 [OK] 加载表 cust_u_rhkj.chufeng_activity - 19 字段 / 50 行
2026-09-11 11:25:11 | 2026-09-11 11:25:11 [INFO] 开始连接 - pgm-uf6jv8kq7xfyu4fako.pg.rds.aliyuncs.com:5432/crmdb_test
2026-09-11 11:25:11 | 2026-09-11 11:25:11 [OK] 数据库列表 · 8 个
2026-09-11 11:25:11 | 2026-09-11 11:25:11 [OK] Schema 列表 · 7 个 · 默认 cust_u_rhkj
2026-09-11 11:25:11 | 2026-09-11 11:25:11 [OK] 表列表 · 921 个
2026-09-11 11:25:11 | 2026-09-11 11:25:11 [OK] 加载表 cust_u_rhkj.Sheet1 - 7 字段 / 50 行
2026-09-11 11:25:11 | 2026-09-11 11:25:11 [OK] 连接完成
2026-09-11 11:25:24 | 2026-09-11 11:25:24 [INFO] 模板参数替换完成 · 查询楚风用户 - 参数=['18792169901'] | 字符串拼接模式（{n} 已加引号）
2026-09-11 11:25:24 | 2026-09-11 11:25:24 [SQL] 执行SQL · 查询楚风用户 | select * from "cust_u_rhkj"."chufeng_user" where mobile='18792169901'
2026-09-11 11:25:24 | 2026-09-11 11:25:24 [OK] SQL 执行 · 1 行
2026-09-11 11:25:32 | 2026-09-11 11:25:32 [SQL] SQL结果回写 UPDATE · {'user_id': '2062075859495620608', 'open_id': ''} | UPDATE "cust_u_rhkj"."chufeng_user" SET "address" = :s_0_address WHERE "user_id" = :w_0_user_id AND "open_id" = :w_0_open_id
2026-09-11 11:25:32 | 2026-09-11 11:25:32 [OK] 已回写 1 行 / 1 个字段 → cust_u_rhkj.chufeng_user
2026-09-11 11:25:39 | 2026-09-11 11:25:39 [INFO] 切换表 Sheet1 → chufeng_user
2026-09-11 11:25:39 | 2026-09-11 11:25:39 [OK] 加载表 cust_u_rhkj.chufeng_user - 18 字段 / 50 行
2026-09-11 11:25:43 | 2026-09-11 11:25:43 [SQL] 执行条件搜索 | SELECT * FROM "cust_u_rhkj"."chufeng_user" WHERE "mobile"::text LIKE :mobile LIMIT 1000
2026-09-11 11:25:43 | 2026-09-11 11:25:43 [OK] 搜索命中 · 1 条
2026-09-11 11:25:58 | 2026-09-11 11:25:57 [INFO] 模板参数替换完成 · 查询楚风用户 - 参数=[''] | 字符串拼接模式（{n} 已加引号）
2026-09-11 11:25:58 | 2026-09-11 11:25:58 [SQL] 执行SQL · 查询楚风用户 | select * from "cust_u_rhkj"."chufeng_user" where mobile=''
2026-09-11 11:25:58 | 2026-09-11 11:25:58 [OK] SQL 执行 · 空结果
2026-09-11 11:26:00 | 2026-09-11 11:26:00 [INFO] 模板参数替换完成 · 查询楚风用户 - 参数=['18792169901'] | 字符串拼接模式（{n} 已加引号）
2026-09-11 11:26:00 | 2026-09-11 11:26:00 [SQL] 执行SQL · 查询楚风用户 | select * from "cust_u_rhkj"."chufeng_user" where mobile='18792169901'
2026-09-11 11:26:00 | 2026-09-11 11:26:00 [OK] SQL 执行 · 1 行
2026-09-11 11:26:07 | 2026-09-11 11:26:07 [SQL] SQL结果回写 UPDATE · {'user_id': '2062075859495620608', 'open_id': ''} | UPDATE "cust_u_rhkj"."chufeng_user" SET "address" = :s_0_address WHERE "user_id" = :w_0_user_id AND "open_id" = :w_0_open_id
2026-09-11 11:26:07 | 2026-09-11 11:26:07 [OK] 已回写 1 行 / 1 个字段 → cust_u_rhkj.chufeng_user
2026-09-11 11:26:11 | 2026-09-11 11:26:11 [SQL] 执行条件搜索 | SELECT * FROM "cust_u_rhkj"."chufeng_user" WHERE "mobile"::text LIKE :mobile LIMIT 1000
2026-09-11 11:26:11 | 2026-09-11 11:26:11 [OK] 搜索命中 · 1 条
2026-09-11 11:26:20 | 2026-09-11 11:26:20 [INFO] 模板参数替换完成 · 查询楚风用户 - 参数=['18792169901'] | 字符串拼接模式（{n} 已加引号）
2026-09-11 11:26:20 | 2026-09-11 11:26:20 [SQL] 执行SQL · 查询楚风用户 | select * from "cust_u_rhkj"."chufeng_user" where mobile='18792169901'
2026-09-11 11:26:21 | 2026-09-11 11:26:21 [OK] SQL 执行 · 1 行
2026-09-11 11:26:28 | 2026-09-11 11:26:28 [SQL] SQL结果回写 UPDATE · {'user_id': '2062075859495620608', 'open_id': ''} | UPDATE "cust_u_rhkj"."chufeng_user" SET "address" = :s_0_address WHERE "user_id" = :w_0_user_id AND "open_id" = :w_0_open_id
2026-09-11 11:26:28 | 2026-09-11 11:26:28 [OK] 已回写 1 行 / 1 个字段 → cust_u_rhkj.chufeng_user
2026-09-11 11:31:33 | 2026-09-11 11:31:33 [INFO] 开始连接 - pgm-uf6jv8kq7xfyu4fako.pg.rds.aliyuncs.com:5432/crmdb_test
2026-09-11 11:31:34 | 2026-09-11 11:31:34 [OK] 数据库列表 · 8 个
2026-09-11 11:31:34 | 2026-09-11 11:31:34 [OK] Schema 列表 · 7 个 · 默认 cust_u_rhkj
2026-09-11 11:31:35 | 2026-09-11 11:31:35 [OK] 表列表 · 921 个
2026-09-11 11:31:35 | 2026-09-11 11:31:35 [OK] 加载表 cust_u_rhkj.Sheet1 - 7 字段 / 50 行
2026-09-11 11:31:35 | 2026-09-11 11:31:35 [OK] 连接完成
2026-09-11 11:31:48 | 2026-09-11 11:31:48 [INFO] 切换表 Sheet1 → t_post_ability
2026-09-11 11:31:48 | 2026-09-11 11:31:48 [OK] 加载表 cust_u_rhkj.t_post_ability - 19 字段 / 47 行
2026-09-11 11:31:59 | 2026-09-11 11:31:59 [SQL] 执行条件搜索 | SELECT * FROM "cust_u_rhkj"."t_post_ability" WHERE "dict_label"::text LIKE :dict_label LIMIT 1000
2026-09-11 11:32:00 | 2026-09-11 11:32:00 [OK] 搜索命中 · 1 条
2026-09-11 11:32:06 | 2026-09-11 11:32:06 [SQL] 自动 UPDATE · {'id': '2059244120157454338'} | UPDATE "cust_u_rhkj"."t_post_ability" SET "limit_time" = :s_0_limit_time WHERE "id" = :w_0_id
2026-09-11 11:32:06 | 2026-09-11 11:32:06 [OK] 自动保存 1 行 / 1 个字段
2026-09-11 11:55:16 | 2026-09-11 11:55:16 [SQL] 执行条件搜索 | SELECT * FROM "cust_u_rhkj"."t_post_ability" WHERE "dict_label"::text LIKE :dict_label LIMIT 1000
2026-09-11 11:55:16 | 2026-09-11 11:55:16 [OK] 搜索命中 · 1 条
2026-09-11 11:55:29 | 2026-09-11 11:55:29 [SQL] 执行条件搜索 | SELECT * FROM "cust_u_rhkj"."t_post_ability" WHERE "dict_label"::text LIKE :dict_label LIMIT 1000
2026-09-11 11:55:30 | 2026-09-11 11:55:30 [OK] 搜索命中 · 1 条
2026-09-11 13:36:46 | 2026-09-11 13:36:46 [INFO] 开始连接 - pgm-uf6jv8kq7xfyu4fako.pg.rds.aliyuncs.com:5432/crmdb_test
2026-09-11 13:36:46 | 2026-09-11 13:36:46 [OK] 数据库列表 · 8 个
2026-09-11 13:36:47 | 2026-09-11 13:36:47 [OK] Schema 列表 · 7 个 · 默认 cust_u_rhkj
2026-09-11 13:36:47 | 2026-09-11 13:36:47 [OK] 表列表 · 921 个
2026-09-11 13:36:47 | 2026-09-11 13:36:47 [OK] 加载表 cust_u_rhkj.Sheet1 - 7 字段 / 50 行
2026-09-11 13:36:47 | 2026-09-11 13:36:47 [OK] 连接完成
2026-09-11 13:36:53 | 2026-09-11 13:36:53 [INFO] 切换表 Sheet1 → chufeng_user
2026-09-11 13:36:54 | 2026-09-11 13:36:54 [OK] 加载表 cust_u_rhkj.chufeng_user - 18 字段 / 50 行
2026-09-11 13:37:06 | 2026-09-11 13:37:06 [SQL] 执行条件搜索 | SELECT * FROM "cust_u_rhkj"."chufeng_user" WHERE "mobile"::text LIKE :mobile LIMIT 1000
2026-09-11 13:37:06 | 2026-09-11 13:37:06 [OK] 搜索命中 · 0 条
2026-09-11 13:37:12 | 2026-09-11 13:37:12 [SQL] 执行条件搜索 | SELECT * FROM "cust_u_rhkj"."chufeng_user" WHERE "mobile"::text LIKE :mobile LIMIT 1000
2026-09-11 13:37:13 | 2026-09-11 13:37:13 [OK] 搜索命中 · 1 条
2026-09-11 13:37:25 | 2026-09-11 13:37:25 [INFO] 模板参数替换完成 · 查询楚风用户 - 参数=['18792169901'] | 字符串拼接模式（{n} 已加引号）
2026-09-11 13:37:25 | 2026-09-11 13:37:25 [SQL] 执行SQL · 查询楚风用户 | select * from "cust_u_rhkj"."chufeng_user" where mobile='18792169901'
2026-09-11 13:37:25 | 2026-09-11 13:37:25 [OK] SQL 执行 · 1 行
2026-09-11 13:37:36 | 2026-09-11 13:37:36 [SQL] SQL结果回写 UPDATE · {'user_id': '2062075859495620608'} | UPDATE "cust_u_rhkj"."chufeng_user" SET "address" = :s_0_address WHERE "user_id" = :w_0_user_id
2026-09-11 13:37:36 | 2026-09-11 13:37:36 [OK] 已回写 1 行 / 1 个字段 → cust_u_rhkj.chufeng_user
2026-09-11 13:37:39 | 2026-09-11 13:37:39 [INFO] 模板参数替换完成 · 查询楚风用户 - 参数=['18792169901'] | 字符串拼接模式（{n} 已加引号）
2026-09-11 13:37:39 | 2026-09-11 13:37:39 [SQL] 执行SQL · 查询楚风用户 | select * from "cust_u_rhkj"."chufeng_user" where mobile='18792169901'
2026-09-11 13:37:40 | 2026-09-11 13:37:40 [OK] SQL 执行 · 1 行
2026-09-11 13:37:50 | 2026-09-11 13:37:50 [SQL] 执行条件搜索 | SELECT * FROM "cust_u_rhkj"."chufeng_user" WHERE "mobile"::text LIKE :mobile LIMIT 1000
2026-09-11 13:37:51 | 2026-09-11 13:37:51 [OK] 搜索命中 · 1 条
2026-09-11 13:46:33 | 2026-09-11 13:46:33 [INFO] 切换表 chufeng_user → t_post_ability
2026-09-11 13:46:33 | 2026-09-11 13:46:33 [OK] 加载表 cust_u_rhkj.t_post_ability - 19 字段 / 47 行
2026-09-11 13:46:34 | 2026-09-11 13:46:34 [WARN] 搜索时未输入任何条件
2026-09-11 13:46:38 | 2026-09-11 13:46:38 [SQL] 执行条件搜索 | SELECT * FROM "cust_u_rhkj"."t_post_ability" WHERE "dict_label"::text LIKE :dict_label LIMIT 1000
2026-09-11 13:46:38 | 2026-09-11 13:46:38 [OK] 搜索命中 · 1 条
2026-09-11 13:46:42 | 2026-09-11 13:46:42 [SQL] 自动 UPDATE · {'id': '2059244120157454338'} | UPDATE "cust_u_rhkj"."t_post_ability" SET "limit_time" = :s_0_limit_time WHERE "id" = :w_0_id
2026-09-11 13:46:42 | 2026-09-11 13:46:42 [OK] 自动保存 1 行 / 1 个字段
2026-09-11 17:21:31 | 2026-09-11 17:21:31 [INFO] 开始连接 - pgm-uf6jv8kq7xfyu4fako.pg.rds.aliyuncs.com:5432/crmdb_test
2026-09-11 17:21:31 | 2026-09-11 17:21:31 [OK] 数据库列表 · 8 个
2026-09-11 17:21:32 | 2026-09-11 17:21:32 [OK] Schema 列表 · 7 个 · 默认 cust_u_rhkj
2026-09-11 17:21:32 | 2026-09-11 17:21:32 [OK] 表列表 · 922 个
2026-09-11 17:21:33 | 2026-09-11 17:21:33 [OK] 加载表 cust_u_rhkj.Sheet1 - 7 字段 / 50 行
2026-09-11 17:21:33 | 2026-09-11 17:21:33 [OK] 连接完成
2026-09-11 17:21:53 | 2026-09-11 17:21:53 [INFO] 模板参数替换完成 · 查询楚风用户 - 参数=['18792169903'] | 字符串拼接模式（{n} 已加引号）
2026-09-11 17:21:53 | 2026-09-11 17:21:53 [SQL] 执行SQL · 查询楚风用户 | select * from "cust_u_rhkj"."chufeng_user" where mobile='18792169903'
2026-09-11 17:21:54 | 2026-09-11 17:21:54 [OK] SQL 执行 · 空结果
2026-09-11 17:22:02 | 2026-09-11 17:22:02 [INFO] 模板参数替换完成 · 查询楚风用户 - 参数=['18792169903'] | 字符串拼接模式（{n} 已加引号）
2026-09-11 17:22:02 | 2026-09-11 17:22:02 [SQL] 执行SQL · 查询楚风用户 | select * from "cust_u_rhkj"."chufeng_user" where mobile='18792169903'
2026-09-11 17:22:03 | 2026-09-11 17:22:03 [OK] SQL 执行 · 空结果
2026-09-11 17:22:16 | 2026-09-11 17:22:16 [INFO] 模板参数替换完成 · 查询楚风用户 - 参数=['18792169901'] | 字符串拼接模式（{n} 已加引号）
2026-09-11 17:22:16 | 2026-09-11 17:22:16 [SQL] 执行SQL · 查询楚风用户 | select * from "cust_u_rhkj"."chufeng_user" where mobile='18792169901'
2026-09-11 17:22:17 | 2026-09-11 17:22:17 [INFO] 模板参数替换完成 · 查询楚风用户 - 参数=['18792169901'] | 字符串拼接模式（{n} 已加引号）
2026-09-11 17:22:17 | 2026-09-11 17:22:17 [SQL] 执行SQL · 查询楚风用户 | select * from "cust_u_rhkj"."chufeng_user" where mobile='18792169901'
2026-09-11 17:22:18 | 2026-09-11 17:22:18 [OK] SQL 执行 · 1 行
2026-09-11 17:22:31 | 2026-09-11 17:22:31 [INFO] 切换表 Sheet1 → chufeng_user
2026-09-11 17:22:32 | 2026-09-11 17:22:32 [OK] 加载表 cust_u_rhkj.chufeng_user - 18 字段 / 50 行
2026-09-11 17:22:35 | 2026-09-11 17:22:35 [SQL] 执行条件搜索 | SELECT * FROM "cust_u_rhkj"."chufeng_user" WHERE "mobile"::text LIKE :mobile LIMIT 1000
2026-09-11 17:22:36 | 2026-09-11 17:22:36 [OK] 搜索命中 · 1 条
2026-09-11 17:29:46 | 2026-09-11 17:29:46 [INFO] 开始连接 - pgm-uf6jv8kq7xfyu4fako.pg.rds.aliyuncs.com:5432/crmdb_test
2026-09-11 17:29:46 | 2026-09-11 17:29:46 [OK] 数据库列表 · 8 个
2026-09-11 17:29:46 | 2026-09-11 17:29:46 [OK] Schema 列表 · 7 个 · 默认 cust_u_rhkj
2026-09-11 17:29:46 | 2026-09-11 17:29:46 [OK] 表列表 · 922 个
2026-09-11 17:29:47 | 2026-09-11 17:29:47 [OK] 加载表 cust_u_rhkj.Sheet1 - 7 字段 / 50 行
2026-09-11 17:29:47 | 2026-09-11 17:29:47 [OK] 连接完成
2026-09-11 17:30:04 | 2026-09-11 17:30:04 [INFO] 开始连接 - pgm-uf6jv8kq7xfyu4fako.pg.rds.aliyuncs.com:5432/crmdb_test
2026-09-11 17:30:04 | 2026-09-11 17:30:04 [OK] 数据库列表 · 8 个
2026-09-11 17:30:04 | 2026-09-11 17:30:04 [OK] Schema 列表 · 7 个 · 默认 cust_u_rhkj
2026-09-11 17:30:04 | 2026-09-11 17:30:04 [OK] 表列表 · 922 个
2026-09-11 17:30:04 | 2026-09-11 17:30:04 [OK] 加载表 cust_u_rhkj.Sheet1 - 7 字段 / 50 行
2026-09-11 17:30:04 | 2026-09-11 17:30:04 [OK] 连接完成
2026-09-11 17:30:14 | 2026-09-11 17:30:14 [INFO] 切换表 Sheet1 → chufeng_user
2026-09-11 17:30:14 | 2026-09-11 17:30:14 [OK] 加载表 cust_u_rhkj.chufeng_user - 18 字段 / 50 行
2026-09-11 17:30:20 | 2026-09-11 17:30:20 [SQL] 执行条件搜索 | SELECT * FROM "cust_u_rhkj"."chufeng_user" WHERE "mobile"::text LIKE :mobile LIMIT 1000
2026-09-11 17:30:21 | 2026-09-11 17:30:21 [OK] 搜索命中 · 1 条
2026-09-11 17:34:48 | 2026-09-11 17:34:48 [SQL] 执行条件搜索 | SELECT * FROM "cust_u_rhkj"."chufeng_user" WHERE "mobile"::text LIKE :mobile LIMIT 1000
2026-09-11 17:34:48 | 2026-09-11 17:34:48 [OK] 搜索命中 · 1 条
2026-09-11 17:35:02 | 2026-09-11 17:35:02 [INFO] 开始连接 - pgm-uf6jv8kq7xfyu4fako.pg.rds.aliyuncs.com:5432/crmdb_test
2026-09-11 17:35:02 | 2026-09-11 17:35:02 [OK] 数据库列表 · 8 个
2026-09-11 17:35:03 | 2026-09-11 17:35:03 [OK] Schema 列表 · 7 个 · 默认 cust_u_rhkj
2026-09-11 17:35:03 | 2026-09-11 17:35:03 [OK] 表列表 · 922 个
2026-09-11 17:35:03 | 2026-09-11 17:35:03 [OK] 加载表 cust_u_rhkj.Sheet1 - 7 字段 / 50 行
2026-09-11 17:35:03 | 2026-09-11 17:35:03 [OK] 连接完成
2026-09-11 17:40:07 | 2026-09-11 17:40:07 [INFO] 开始连接 - pgm-uf6jv8kq7xfyu4fako.pg.rds.aliyuncs.com:5432/crmdb_test
2026-09-11 17:40:07 | 2026-09-11 17:40:07 [OK] 数据库列表 · 8 个
2026-09-11 17:40:07 | 2026-09-11 17:40:07 [OK] Schema 列表 · 7 个 · 默认 cust_u_rhkj
2026-09-11 17:40:08 | 2026-09-11 17:40:08 [OK] 表列表 · 922 个
2026-09-11 17:40:08 | 2026-09-11 17:40:08 [OK] 加载表 cust_u_rhkj.Sheet1 - 7 字段 / 50 行
2026-09-11 17:40:08 | 2026-09-11 17:40:08 [OK] 连接完成
2026-09-11 17:42:56 | 2026-09-11 17:42:56 [INFO] 开始连接 - pgm-uf6jv8kq7xfyu4fako.pg.rds.aliyuncs.com:5432/crmdb_test
2026-09-11 17:42:56 | 2026-09-11 17:42:56 [OK] 数据库列表 · 8 个
2026-09-11 17:42:56 | 2026-09-11 17:42:56 [OK] Schema 列表 · 7 个 · 默认 cust_u_rhkj
2026-09-11 17:42:56 | 2026-09-11 17:42:56 [OK] 表列表 · 922 个
2026-09-11 17:42:56 | 2026-09-11 17:42:56 [OK] 加载表 cust_u_rhkj.Sheet1 - 7 字段 / 50 行
2026-09-11 17:42:56 | 2026-09-11 17:42:56 [OK] 连接完成
2026-09-11 17:43:22 | 2026-09-11 17:43:22 [INFO] 开始连接 - pgm-uf6jv8kq7xfyu4fako.pg.rds.aliyuncs.com:5432/crmdb_test
2026-09-11 17:43:22 | 2026-09-11 17:43:22 [OK] 数据库列表 · 8 个
2026-09-11 17:43:22 | 2026-09-11 17:43:22 [OK] Schema 列表 · 7 个 · 默认 cust_u_rhkj
2026-09-11 17:43:22 | 2026-09-11 17:43:22 [OK] 表列表 · 922 个
2026-09-11 17:43:22 | 2026-09-11 17:43:22 [OK] 加载表 cust_u_rhkj.Sheet1 - 7 字段 / 50 行
2026-09-11 17:43:22 | 2026-09-11 17:43:22 [OK] 连接完成
2026-09-11 17:43:27 | 2026-09-11 17:43:27 [INFO] 切换表 Sheet1 → chufeng_user
2026-09-11 17:43:27 | 2026-09-11 17:43:27 [OK] 加载表 cust_u_rhkj.chufeng_user - 18 字段 / 50 行
2026-09-11 17:43:37 | 2026-09-11 17:43:37 [SQL] 执行条件搜索 | SELECT * FROM "cust_u_rhkj"."chufeng_user" WHERE "mobile"::text LIKE :mobile LIMIT 1000
2026-09-11 17:43:37 | 2026-09-11 17:43:37 [OK] 搜索命中 · 1 条
2026-09-11 17:46:33 | 2026-09-11 17:46:33 [INFO] 开始连接 - pgm-uf6jv8kq7xfyu4fako.pg.rds.aliyuncs.com:5432/crmdb_test
2026-09-11 17:46:33 | 2026-09-11 17:46:33 [OK] 数据库列表 · 8 个
2026-09-11 17:46:34 | 2026-09-11 17:46:34 [OK] Schema 列表 · 7 个 · 默认 cust_u_rhkj
2026-09-11 17:46:34 | 2026-09-11 17:46:34 [OK] 表列表 · 922 个
2026-09-11 17:46:35 | 2026-09-11 17:46:35 [OK] 加载表 cust_u_rhkj.Sheet1 - 7 字段 / 50 行
2026-09-11 17:46:35 | 2026-09-11 17:46:35 [OK] 连接完成
2026-09-11 17:46:42 | 2026-09-11 17:46:42 [INFO] 切换表 Sheet1 → chufeng_user
2026-09-11 17:46:43 | 2026-09-11 17:46:43 [OK] 加载表 cust_u_rhkj.chufeng_user - 18 字段 / 50 行
2026-09-11 17:46:51 | 2026-09-11 17:46:51 [SQL] 执行条件搜索 | SELECT * FROM "cust_u_rhkj"."chufeng_user" WHERE "mobile"::text LIKE :mobile LIMIT 1000
2026-09-11 17:46:51 | 2026-09-11 17:46:51 [OK] 搜索命中 · 1 条
2026-09-11 17:50:36 | 2026-09-11 17:50:36 [INFO] 开始连接 - pgm-uf6jv8kq7xfyu4fako.pg.rds.aliyuncs.com:5432/crmdb_test
2026-09-11 17:50:36 | 2026-09-11 17:50:36 [OK] 数据库列表 · 8 个
2026-09-11 17:50:36 | 2026-09-11 17:50:36 [OK] Schema 列表 · 7 个 · 默认 cust_u_rhkj
2026-09-11 17:50:36 | 2026-09-11 17:50:36 [OK] 表列表 · 922 个
2026-09-11 17:50:37 | 2026-09-11 17:50:37 [OK] 加载表 cust_u_rhkj.Sheet1 - 7 字段 / 50 行
2026-09-11 17:50:37 | 2026-09-11 17:50:37 [OK] 连接完成
2026-09-11 17:50:51 | 2026-09-11 17:50:51 [INFO] 切换数据库 crmdb_test → learningtrajectory
2026-09-11 17:50:52 | 2026-09-11 17:50:52 [INFO] 开始连接 - pgm-uf6jv8kq7xfyu4fako.pg.rds.aliyuncs.com:5432/learningtrajectory
2026-09-11 17:50:52 | 2026-09-11 17:50:52 [OK] Schema 列表 · 4 个 · 默认 cust_u_rhkj
2026-09-11 17:50:53 | 2026-09-11 17:50:53 [OK] 表列表 · 180 个
2026-09-11 17:50:54 | 2026-09-11 17:50:54 [OK] 加载表 cust_u_rhkj.account - 190 字段 / 50 行
2026-09-11 17:50:54 | 2026-09-11 17:50:54 [OK] 连接完成
2026-09-11 17:50:54 | 2026-09-11 17:50:54 [WARN] 连接参数变化，重置
2026-09-11 17:50:54 | 2026-09-11 17:50:54 [INFO] 开始连接 - pgm-uf6jv8kq7xfyu4fako.pg.rds.aliyuncs.com:5432/learningtrajectory
2026-09-11 17:50:54 | 2026-09-11 17:50:54 [OK] 数据库列表 · 8 个
2026-09-11 17:50:54 | 2026-09-11 17:50:54 [OK] Schema 列表 · 4 个 · 默认 cust_u_rhkj
2026-09-11 17:50:54 | 2026-09-11 17:50:54 [OK] 表列表 · 180 个
2026-09-11 17:50:54 | 2026-09-11 17:50:54 [OK] 加载表 cust_u_rhkj.account - 190 字段 / 50 行
2026-09-11 17:50:54 | 2026-09-11 17:50:54 [OK] 连接完成
2026-09-11 17:50:56 | 2026-09-11 17:50:56 [INFO] 切换表 account → t_recruitment_management
2026-09-11 17:50:57 | 2026-09-11 17:50:57 [OK] 加载表 cust_u_rhkj.t_recruitment_management - 43 字段 / 50 行
2026-09-11 17:52:48 | 2026-09-11 17:52:48 [INFO] 开始连接 - pgm-uf6jv8kq7xfyu4fako.pg.rds.aliyuncs.com:5432/crmdb_test
2026-09-11 17:52:48 | 2026-09-11 17:52:48 [OK] 数据库列表 · 8 个
2026-09-11 17:52:48 | 2026-09-11 17:52:48 [OK] Schema 列表 · 7 个 · 默认 cust_u_rhkj
2026-09-11 17:52:48 | 2026-09-11 17:52:48 [OK] 表列表 · 922 个
2026-09-11 17:52:49 | 2026-09-11 17:52:49 [OK] 加载表 cust_u_rhkj.Sheet1 - 7 字段 / 50 行
2026-09-11 17:52:49 | 2026-09-11 17:52:49 [OK] 连接完成
2026-09-11 17:53:07 | 2026-09-11 17:53:07 [INFO] 开始连接 - pgm-uf6jv8kq7xfyu4fako.pg.rds.aliyuncs.com:5432/crmdb_test
2026-09-11 17:53:07 | 2026-09-11 17:53:07 [OK] 数据库列表 · 8 个
2026-09-11 17:53:07 | 2026-09-11 17:53:07 [OK] Schema 列表 · 7 个 · 默认 cust_u_rhkj
2026-09-11 17:53:07 | 2026-09-11 17:53:07 [OK] 表列表 · 922 个
2026-09-11 17:53:07 | 2026-09-11 17:53:07 [OK] 加载表 cust_u_rhkj.Sheet1 - 7 字段 / 50 行
2026-09-11 17:53:07 | 2026-09-11 17:53:07 [OK] 连接完成
2026-09-11 17:54:00 | 2026-09-11 17:54:00 [INFO] 开始连接 - pgm-uf6jv8kq7xfyu4fako.pg.rds.aliyuncs.com:5432/crmdb_test
2026-09-11 17:54:01 | 2026-09-11 17:54:01 [OK] 数据库列表 · 8 个
2026-09-11 17:54:01 | 2026-09-11 17:54:01 [OK] Schema 列表 · 7 个 · 默认 cust_u_rhkj
2026-09-11 17:54:01 | 2026-09-11 17:54:01 [OK] 表列表 · 922 个
2026-09-11 17:54:02 | 2026-09-11 17:54:02 [OK] 加载表 cust_u_rhkj.Sheet1 - 7 字段 / 50 行
2026-09-11 17:54:02 | 2026-09-11 17:54:02 [OK] 连接完成
2026-09-12 09:31:48 | 2026-09-12 09:31:48 [INFO] 开始连接 - pgm-uf6jv8kq7xfyu4fako.pg.rds.aliyuncs.com:5432/crmdb_test
2026-09-12 09:31:49 | 2026-09-12 09:31:49 [OK] 数据库列表 · 8 个
2026-09-12 09:31:49 | 2026-09-12 09:31:49 [OK] Schema 列表 · 7 个 · 默认 cust_u_rhkj
2026-09-12 09:31:50 | 2026-09-12 09:31:50 [OK] 表列表 · 922 个
2026-09-12 09:31:50 | 2026-09-12 09:31:50 [OK] 加载表 cust_u_rhkj.Sheet1 - 7 字段 / 50 行
2026-09-12 09:31:50 | 2026-09-12 09:31:50 [OK] 连接完成
2026-09-12 09:32:16 | 2026-09-12 09:32:16 [INFO] 模板参数替换完成 · 人员应聘管理-电话 - 参数=['18792169901'] | 字符串拼接模式（{n} 已加引号）
2026-09-12 09:32:16 | 2026-09-12 09:32:16 [SQL] 执行SQL · 人员应聘管理-电话 | select * from "cust_u_rhkj"."t_recruitment_management" where phone='18792169901'
2026-09-12 09:32:17 | 2026-09-12 09:32:17 [ERR] SQL 执行失败 - Execution failed on sql 'select * from "cust_u_rhkj"."t_recruitment_management" where phone='18792169901'': (psycopg2.errors.UndefinedTable) relation "cust_u_rhkj.t_recruitment_management" does not exist
LINE 1: select * from "cust_u_rhkj"."t_recruitment_management" where...
                      ^

[SQL: select * from "cust_u_rhkj"."t_recruitment_management" where phone='18792169901']
(Background on this error at: https://sqlalche.me/e/20/f405)
2026-09-12 09:32:28 | 2026-09-12 09:32:28 [INFO] 切换数据库 crmdb_test → learningtrajectory
2026-09-12 09:32:28 | 2026-09-12 09:32:28 [INFO] 开始连接 - pgm-uf6jv8kq7xfyu4fako.pg.rds.aliyuncs.com:5432/learningtrajectory
2026-09-12 09:32:28 | 2026-09-12 09:32:28 [OK] Schema 列表 · 4 个 · 默认 cust_u_rhkj
2026-09-12 09:32:28 | 2026-09-12 09:32:28 [OK] 表列表 · 180 个
2026-09-12 09:32:29 | 2026-09-12 09:32:29 [OK] 加载表 cust_u_rhkj.account - 190 字段 / 50 行
2026-09-12 09:32:29 | 2026-09-12 09:32:29 [OK] 连接完成
2026-09-12 09:32:29 | 2026-09-12 09:32:29 [WARN] 连接参数变化，重置
2026-09-12 09:32:29 | 2026-09-12 09:32:29 [INFO] 开始连接 - pgm-uf6jv8kq7xfyu4fako.pg.rds.aliyuncs.com:5432/learningtrajectory
2026-09-12 09:32:29 | 2026-09-12 09:32:29 [OK] 数据库列表 · 8 个
2026-09-12 09:32:29 | 2026-09-12 09:32:29 [OK] Schema 列表 · 4 个 · 默认 cust_u_rhkj
2026-09-12 09:32:29 | 2026-09-12 09:32:29 [OK] 表列表 · 180 个
2026-09-12 09:32:29 | 2026-09-12 09:32:29 [OK] 加载表 cust_u_rhkj.account - 190 字段 / 50 行
2026-09-12 09:32:29 | 2026-09-12 09:32:29 [OK] 连接完成
2026-09-12 09:32:37 | 2026-09-12 09:32:37 [INFO] 模板参数替换完成 · 人员应聘管理-电话 - 参数=['18792169901'] | 字符串拼接模式（{n} 已加引号）
2026-09-12 09:32:37 | 2026-09-12 09:32:37 [SQL] 执行SQL · 人员应聘管理-电话 | select * from "cust_u_rhkj"."t_recruitment_management" where phone='18792169901'
2026-09-12 09:32:37 | 2026-09-12 09:32:37 [OK] SQL 执行 · 2 行
2026-09-12 14:44:04 | 2026-09-12 14:44:04 [INFO] 开始连接 - pgm-uf6jv8kq7xfyu4fako.pg.rds.aliyuncs.com:5432/crmdb_test
2026-09-12 14:44:04 | 2026-09-12 14:44:04 [OK] 数据库列表 · 8 个
2026-09-12 14:44:04 | 2026-09-12 14:44:04 [OK] Schema 列表 · 7 个 · 默认 cust_u_rhkj
2026-09-12 14:44:05 | 2026-09-12 14:44:05 [OK] 表列表 · 922 个
2026-09-12 14:44:05 | 2026-09-12 14:44:05 [OK] 加载表 cust_u_rhkj.Sheet1 - 7 字段 / 50 行
2026-09-12 14:44:05 | 2026-09-12 14:44:05 [OK] 连接完成
2026-09-12 16:05:50 | 2026-09-12 16:05:50 [INFO] 开始连接 - pgm-uf6jv8kq7xfyu4fako.pg.rds.aliyuncs.com:5432/crmdb_test
2026-09-12 16:05:51 | 2026-09-12 16:05:51 [OK] 数据库列表 · 8 个
2026-09-12 16:05:51 | 2026-09-12 16:05:51 [OK] Schema 列表 · 7 个 · 默认 cust_u_rhkj
2026-09-12 16:05:52 | 2026-09-12 16:05:52 [OK] 表列表 · 922 个
2026-09-12 16:05:52 | 2026-09-12 16:05:52 [OK] 加载表 cust_u_rhkj.Sheet1 - 7 字段 / 50 行
2026-09-12 16:05:52 | 2026-09-12 16:05:52 [OK] 连接完成
2026-09-12 16:05:58 | 2026-09-12 16:05:58 [INFO] 切换表 Sheet1 → chufeng_user
2026-09-12 16:05:58 | 2026-09-12 16:05:58 [OK] 加载表 cust_u_rhkj.chufeng_user - 18 字段 / 50 行
2026-09-12 16:06:05 | 2026-09-12 16:06:05 [SQL] 执行条件搜索 | SELECT * FROM "cust_u_rhkj"."chufeng_user" WHERE "mobile"::text LIKE :mobile LIMIT 1000
2026-09-12 16:06:05 | 2026-09-12 16:06:05 [OK] 搜索命中 · 1 条
2026-09-12 16:07:35 | 2026-09-12 16:07:35 [INFO] 开始连接 - pgm-uf6jv8kq7xfyu4fako.pg.rds.aliyuncs.com:5432/crmdb_test
2026-09-12 16:07:35 | 2026-09-12 16:07:35 [OK] 数据库列表 · 8 个
2026-09-12 16:07:35 | 2026-09-12 16:07:35 [OK] Schema 列表 · 7 个 · 默认 cust_u_rhkj
2026-09-12 16:07:35 | 2026-09-12 16:07:35 [OK] 表列表 · 922 个
2026-09-12 16:07:35 | 2026-09-12 16:07:35 [OK] 加载表 cust_u_rhkj.Sheet1 - 7 字段 / 50 行
2026-09-12 16:07:35 | 2026-09-12 16:07:35 [OK] 连接完成
2026-09-12 16:17:33 | 2026-09-12 16:17:33 [INFO] 开始连接 - pgm-uf6jv8kq7xfyu4fako.pg.rds.aliyuncs.com:5432/crmdb_test
2026-09-12 16:17:33 | 2026-09-12 16:17:33 [OK] 数据库列表 · 8 个
2026-09-12 16:17:34 | 2026-09-12 16:17:34 [OK] Schema 列表 · 7 个 · 默认 cust_u_rhkj
2026-09-14 13:39:08 | 2026-09-14 13:39:08 [INFO] 开始连接 - pgm-uf6jv8kq7xfyu4fako.pg.rds.aliyuncs.com:5432/crmdb_test
2026-09-14 13:39:09 | 2026-09-14 13:39:09 [OK] 数据库列表 · 8 个
2026-09-14 13:39:09 | 2026-09-14 13:39:09 [OK] Schema 列表 · 7 个 · 默认 cust_u_rhkj
2026-09-14 13:39:10 | 2026-09-14 13:39:10 [OK] 表列表 · 922 个
2026-09-14 13:39:10 | 2026-09-14 13:39:10 [OK] 加载表 cust_u_rhkj.Sheet1 - 7 字段 / 50 行
2026-09-14 13:39:10 | 2026-09-14 13:39:10 [OK] 连接完成
2026-09-14 13:39:14 | 2026-09-14 13:39:14 [INFO] 切换表 Sheet1 → t_resign_staff_stu_list_transfer
2026-09-14 13:39:15 | 2026-09-14 13:39:15 [OK] 加载表 cust_u_rhkj.t_resign_staff_stu_list_transfer - 7 字段 / 1 行
2026-09-14 14:05:40 | 2026-09-14 14:05:40 [INFO] 开始连接 - pgm-uf6jv8kq7xfyu4fako.pg.rds.aliyuncs.com:5432/crmdb_test
2026-09-14 14:05:41 | 2026-09-14 14:05:41 [OK] 数据库列表 · 8 个
2026-09-14 14:05:41 | 2026-09-14 14:05:41 [OK] Schema 列表 · 7 个 · 默认 cust_u_rhkj
2026-09-14 14:05:42 | 2026-09-14 14:05:42 [OK] 表列表 · 922 个
2026-09-14 14:05:42 | 2026-09-14 14:05:42 [OK] 加载表 cust_u_rhkj.Sheet1 - 7 字段 / 50 行
2026-09-14 14:05:42 | 2026-09-14 14:05:42 [OK] 连接完成
2026-09-14 17:44:18 | 2026-09-14 17:44:18 [INFO] 开始连接 - pgm-uf6jv8kq7xfyu4fako.pg.rds.aliyuncs.com:5432/crmdb_test
2026-09-14 17:44:18 | 2026-09-14 17:44:18 [OK] 数据库列表 · 8 个
2026-09-14 17:44:19 | 2026-09-14 17:44:19 [OK] Schema 列表 · 7 个 · 默认 cust_u_rhkj
2026-09-14 17:44:19 | 2026-09-14 17:44:19 [OK] 表列表 · 922 个
2026-09-14 17:44:20 | 2026-09-14 17:44:20 [OK] 加载表 cust_u_rhkj.Sheet1 - 7 字段 / 50 行
2026-09-14 17:44:20 | 2026-09-14 17:44:20 [OK] 连接完成
2026-09-14 17:44:28 | 2026-09-14 17:44:28 [INFO] 切换表 Sheet1 → sys_user
2026-09-14 17:44:28 | 2026-09-14 17:44:28 [OK] 加载表 cust_u_rhkj.sys_user - 39 字段 / 50 行
2026-09-14 17:44:56 | 2026-09-14 17:44:56 [SQL] 执行条件搜索 | SELECT * FROM "cust_u_rhkj"."sys_user" WHERE "user_name"::text LIKE :user_name LIMIT 1000
2026-09-14 17:44:57 | 2026-09-14 17:44:57 [OK] 搜索命中 · 1 条
2026-09-14 17:45:43 | 2026-09-14 17:45:43 [WARN] 搜索时未输入任何条件
2026-09-14 17:45:51 | 2026-09-14 17:45:51 [INFO] 重置搜索条件
2026-09-14 17:50:21 | 2026-09-14 17:50:21 [WARN] 搜索时未输入任何条件
2026-09-14 17:50:25 | 2026-09-14 17:50:25 [SQL] 执行条件搜索 | SELECT * FROM "cust_u_rhkj"."sys_user" WHERE "user_name"::text LIKE :user_name LIMIT 1000
2026-09-14 17:50:26 | 2026-09-14 17:50:26 [OK] 搜索命中 · 1 条
2026-09-14 17:51:54 | 2026-09-14 17:51:54 [SQL] 执行条件搜索 | SELECT * FROM "cust_u_rhkj"."sys_user" WHERE "user_name"::text LIKE :user_name LIMIT 1000
2026-09-14 17:51:54 | 2026-09-14 17:51:54 [OK] 搜索命中 · 1 条
2026-09-14 17:52:55 | 2026-09-14 17:52:55 [SQL] 执行条件搜索 | SELECT * FROM "cust_u_rhkj"."sys_user" WHERE "user_name"::text LIKE :user_name LIMIT 1000
2026-09-14 17:52:55 | 2026-09-14 17:52:55 [OK] 搜索命中 · 1 条
2026-09-15 08:56:40 | 2026-09-15 08:56:40 [INFO] 开始连接 - pgm-uf6jv8kq7xfyu4fako.pg.rds.aliyuncs.com:5432/crmdb_test
2026-09-15 08:56:40 | 2026-09-15 08:56:40 [OK] 数据库列表 · 8 个
2026-09-15 08:56:41 | 2026-09-15 08:56:41 [OK] Schema 列表 · 7 个 · 默认 cust_u_rhkj
2026-09-15 08:56:41 | 2026-09-15 08:56:41 [OK] 表列表 · 922 个
2026-09-15 08:56:41 | 2026-09-15 08:56:41 [OK] 加载表 cust_u_rhkj.Sheet1 - 7 字段 / 50 行
2026-09-15 08:56:41 | 2026-09-15 08:56:41 [OK] 连接完成
2026-09-15 08:56:54 | 2026-09-15 08:56:54 [INFO] 切换表 Sheet1 → sys_user
2026-09-15 08:56:55 | 2026-09-15 08:56:55 [OK] 加载表 cust_u_rhkj.sys_user - 39 字段 / 50 行
2026-09-15 08:56:55 | 2026-09-15 08:56:55 [WARN] 搜索时未输入任何条件
2026-09-15 08:57:06 | 2026-09-15 08:57:06 [SQL] 执行条件搜索 | SELECT * FROM "cust_u_rhkj"."sys_user" WHERE "user_name"::text LIKE :user_name LIMIT 1000
2026-09-15 08:57:06 | 2026-09-15 08:57:06 [OK] 搜索命中 · 1 条
2026-09-15 09:00:19 | 2026-09-15 09:00:19 [SQL] 执行条件搜索 | SELECT * FROM "cust_u_rhkj"."sys_user" WHERE "user_name"::text LIKE :user_name LIMIT 1000
2026-09-15 09:00:20 | 2026-09-15 09:00:20 [OK] 搜索命中 · 1 条
2026-09-15 09:00:26 | 2026-09-15 09:00:26 [SQL] 自动 UPDATE · {'user_id': 'hrm_116246'} | UPDATE "cust_u_rhkj"."sys_user" SET "nick_name" = :s_0_nick_name WHERE "user_id" = :w_0_user_id
2026-09-15 09:00:26 | 2026-09-15 09:00:26 [OK] 自动保存 1 行 / 1 个字段
2026-09-15 09:00:44 | 2026-09-15 09:00:44 [SQL] 执行条件搜索 | SELECT * FROM "cust_u_rhkj"."sys_user" WHERE "user_name"::text LIKE :user_name LIMIT 1000
2026-09-15 09:00:44 | 2026-09-15 09:00:44 [OK] 搜索命中 · 1 条
2026-09-15 09:33:46 | 2026-09-15 09:33:46 [SQL] 执行条件搜索 | SELECT * FROM "cust_u_rhkj"."sys_user" WHERE "nick_name"::text LIKE :nick_name LIMIT 1000
2026-09-15 09:33:47 | 2026-09-15 09:33:47 [OK] 搜索命中 · 1 条
2026-09-15 09:40:29 | 2026-09-15 09:40:29 [SQL] 执行条件搜索 | SELECT * FROM "cust_u_rhkj"."sys_user" WHERE "nick_name"::text LIKE :nick_name LIMIT 1000
2026-09-15 09:40:30 | 2026-09-15 09:40:30 [OK] 搜索命中 · 0 条
2026-09-15 09:40:35 | 2026-09-15 09:40:35 [SQL] 执行条件搜索 | SELECT * FROM "cust_u_rhkj"."sys_user" WHERE "nick_name"::text LIKE :nick_name LIMIT 1000
2026-09-15 09:40:36 | 2026-09-15 09:40:36 [OK] 搜索命中 · 0 条
2026-09-15 09:40:37 | 2026-09-15 09:40:37 [WARN] 搜索时未输入任何条件
2026-09-15 09:40:41 | 2026-09-15 09:40:41 [WARN] 搜索时未输入任何条件
2026-09-15 09:40:43 | 2026-09-15 09:40:43 [INFO] 重置搜索条件
2026-09-15 09:41:30 | 2026-09-15 09:41:30 [WARN] 搜索时未输入任何条件
2026-09-15 09:41:32 | 2026-09-15 09:41:32 [WARN] 搜索时未输入任何条件
2026-09-15 09:41:34 | 2026-09-15 09:41:34 [SQL] 执行条件搜索 | SELECT * FROM "cust_u_rhkj"."sys_user" WHERE "user_id"::text LIKE :user_id LIMIT 1000
2026-09-15 09:41:35 | 2026-09-15 09:41:35 [OK] 搜索命中 · 0 条
2026-09-15 09:41:41 | 2026-09-15 09:41:41 [WARN] 搜索时未输入任何条件
2026-09-15 09:41:43 | 2026-09-15 09:41:43 [INFO] 重置搜索条件
2026-09-15 09:41:48 | 2026-09-15 09:41:48 [WARN] 搜索时未输入任何条件
2026-09-15 09:41:51 | 2026-09-15 09:41:51 [SQL] 执行条件搜索 | SELECT * FROM "cust_u_rhkj"."sys_user" WHERE "user_name"::text LIKE :user_name LIMIT 1000
2026-09-15 09:41:52 | 2026-09-15 09:41:52 [OK] 搜索命中 · 1 条
2026-09-15 09:42:43 | 2026-09-15 09:42:43 [SQL] 执行条件搜索 | SELECT * FROM "cust_u_rhkj"."sys_user" WHERE "user_name"::text LIKE :user_name LIMIT 1000
2026-09-15 09:42:43 | 2026-09-15 09:42:43 [OK] 搜索命中 · 1 条
2026-09-15 09:43:06 | 2026-09-15 09:43:06 [SQL] 执行条件搜索 | SELECT * FROM "cust_u_rhkj"."sys_user" WHERE "user_name"::text LIKE :user_name LIMIT 1000
2026-09-15 09:43:06 | 2026-09-15 09:43:06 [OK] 搜索命中 · 0 条
2026-09-15 09:43:10 | 2026-09-15 09:43:10 [SQL] 执行条件搜索 | SELECT * FROM "cust_u_rhkj"."sys_user" WHERE "user_name"::text LIKE :user_name LIMIT 1000
2026-09-15 09:43:10 | 2026-09-15 09:43:10 [OK] 搜索命中 · 0 条
2026-09-16 10:39:48 | 2026-09-16 10:39:48 [INFO] 开始连接 - pgm-uf6jv8kq7xfyu4fako.pg.rds.aliyuncs.com:5432/crmdb_test
2026-09-16 10:39:49 | 2026-09-16 10:39:49 [OK] 数据库列表 · 8 个
2026-09-16 10:39:49 | 2026-09-16 10:39:49 [OK] Schema 列表 · 7 个 · 默认 cust_u_rhkj
2026-09-16 10:39:50 | 2026-09-16 10:39:50 [OK] 表列表 · 923 个
2026-09-16 10:39:50 | 2026-09-16 10:39:50 [OK] 加载表 cust_u_rhkj.Sheet1 - 7 字段 / 50 行
2026-09-16 10:39:50 | 2026-09-16 10:39:50 [OK] 连接完成
2026-09-16 10:39:57 | 2026-09-16 10:39:57 [INFO] 切换表 Sheet1 → chufeng_user
2026-09-16 10:39:57 | 2026-09-16 10:39:57 [OK] 加载表 cust_u_rhkj.chufeng_user - 18 字段 / 50 行
2026-09-16 10:40:13 | 2026-09-16 10:40:13 [INFO] 模板参数替换完成 · 人员应聘管理-电话 - 参数=['18792169901'] | 字符串拼接模式（{n} 已加引号）
2026-09-16 10:40:13 | 2026-09-16 10:40:13 [SQL] 执行SQL · 人员应聘管理-电话 | select * from "cust_u_rhkj"."t_recruitment_management" where phone='18792169901'
2026-09-16 10:40:14 | 2026-09-16 10:40:14 [ERR] SQL 执行失败 - Execution failed on sql 'select * from "cust_u_rhkj"."t_recruitment_management" where phone='18792169901'': (psycopg2.errors.UndefinedTable) relation "cust_u_rhkj.t_recruitment_management" does not exist
LINE 1: select * from "cust_u_rhkj"."t_recruitment_management" where...
                      ^

[SQL: select * from "cust_u_rhkj"."t_recruitment_management" where phone='18792169901']
(Background on this error at: https://sqlalche.me/e/20/f405)
2026-09-16 10:40:19 | 2026-09-16 10:40:19 [INFO] 模板参数替换完成 · 人员应聘管理-电话 - 参数=['18792169901'] | 字符串拼接模式（{n} 已加引号）
2026-09-16 10:40:19 | 2026-09-16 10:40:19 [SQL] 执行SQL · 人员应聘管理-电话 | select * from "cust_u_rhkj"."t_recruitment_management" where phone='18792169901'
2026-09-16 10:40:19 | 2026-09-16 10:40:19 [ERR] SQL 执行失败 - Execution failed on sql 'select * from "cust_u_rhkj"."t_recruitment_management" where phone='18792169901'': (psycopg2.errors.UndefinedTable) relation "cust_u_rhkj.t_recruitment_management" does not exist
LINE 1: select * from "cust_u_rhkj"."t_recruitment_management" where...
                      ^

[SQL: select * from "cust_u_rhkj"."t_recruitment_management" where phone='18792169901']
(Background on this error at: https://sqlalche.me/e/20/f405)
2026-09-16 10:40:20 | 2026-09-16 10:40:20 [INFO] 模板参数替换完成 · 人员应聘管理-电话 - 参数=['18792169901'] | 字符串拼接模式（{n} 已加引号）
2026-09-16 10:40:20 | 2026-09-16 10:40:20 [SQL] 执行SQL · 人员应聘管理-电话 | select * from "cust_u_rhkj"."t_recruitment_management" where phone='18792169901'
2026-09-16 10:40:20 | 2026-09-16 10:40:20 [ERR] SQL 执行失败 - Execution failed on sql 'select * from "cust_u_rhkj"."t_recruitment_management" where phone='18792169901'': (psycopg2.errors.UndefinedTable) relation "cust_u_rhkj.t_recruitment_management" does not exist
LINE 1: select * from "cust_u_rhkj"."t_recruitment_management" where...
                      ^

[SQL: select * from "cust_u_rhkj"."t_recruitment_management" where phone='18792169901']
(Background on this error at: https://sqlalche.me/e/20/f405)
2026-09-16 10:40:30 | 2026-09-16 10:40:30 [INFO] 模板参数替换完成 · 查询楚风用户-手机号 - 参数=['18792169901'] | 字符串拼接模式（{n} 已加引号）
2026-09-16 10:40:30 | 2026-09-16 10:40:30 [SQL] 执行SQL · 查询楚风用户-手机号 | select * from "cust_u_rhkj"."chufeng_user" where mobile='18792169901'
2026-09-16 10:40:30 | 2026-09-16 10:40:30 [OK] SQL 执行 · 1 行
2026-09-17 09:16:43 | 2026-09-17 09:16:43 [INFO] 开始连接 - pgm-uf6jv8kq7xfyu4fako.pg.rds.aliyuncs.com:5432/crmdb_test
2026-09-17 09:16:43 | 2026-09-17 09:16:43 [OK] 数据库列表 · 8 个
2026-09-17 09:16:44 | 2026-09-17 09:16:44 [OK] Schema 列表 · 7 个 · 默认 cust_u_rhkj
2026-09-17 09:16:44 | 2026-09-17 09:16:44 [OK] 表列表 · 924 个
2026-09-17 09:16:45 | 2026-09-17 09:16:45 [OK] 加载表 cust_u_rhkj.Sheet1 - 7 字段 / 50 行
2026-09-17 09:16:45 | 2026-09-17 09:16:45 [OK] 连接完成
2026-09-17 10:30:22 | 2026-09-17 10:30:22 [INFO] 切换表 Sheet1 → xq
2026-09-17 10:30:22 | 2026-09-17 10:30:22 [OK] 加载表 cust_u_rhkj.xq - 90 字段 / 50 行
2026-09-17 10:30:23 | 2026-09-17 10:30:23 [WARN] 搜索时未输入任何条件
2026-09-21 08:45:23 | 2026-09-21 08:45:23 [INFO] 开始连接 - pgm-uf6jv8kq7xfyu4fako.pg.rds.aliyuncs.com:5432/crmdb_test
2026-09-21 08:45:23 | 2026-09-21 08:45:23 [OK] 数据库列表 · 8 个
2026-09-21 08:45:24 | 2026-09-21 08:45:24 [OK] Schema 列表 · 7 个 · 默认 cust_u_rhkj
2026-09-21 08:45:24 | 2026-09-21 08:45:24 [OK] 表列表 · 924 个
2026-09-21 08:45:24 | 2026-09-21 08:45:24 [OK] 加载表 cust_u_rhkj.Sheet1 - 7 字段 / 50 行
2026-09-21 08:45:24 | 2026-09-21 08:45:24 [OK] 连接完成
2026-09-21 08:45:27 | 2026-09-21 08:45:27 [INFO] 切换表 Sheet1 → lxjl
2026-09-21 08:45:28 | 2026-09-21 08:45:28 [OK] 加载表 cust_u_rhkj.lxjl - 90 字段 / 50 行
2026-09-23 09:10:55 | 2026-09-23 09:10:55 [INFO] 开始连接 - pgm-uf6jv8kq7xfyu4fako.pg.rds.aliyuncs.com:5432/crmdb_test
2026-09-23 09:10:56 | 2026-09-23 09:10:56 [OK] 数据库列表 · 8 个
2026-09-23 09:10:56 | 2026-09-23 09:10:56 [OK] Schema 列表 · 7 个 · 默认 cust_u_rhkj
2026-09-23 09:10:57 | 2026-09-23 09:10:57 [OK] 表列表 · 924 个
2026-09-23 09:10:57 | 2026-09-23 09:10:57 [OK] 加载表 cust_u_rhkj.Sheet1 - 7 字段 / 50 行
2026-09-23 09:10:57 | 2026-09-23 09:10:57 [OK] 连接完成
2026-09-23 09:11:01 | 2026-09-23 09:11:01 [INFO] 切换表 Sheet1 → account
2026-09-23 09:11:01 | 2026-09-23 09:11:01 [OK] 加载表 cust_u_rhkj.account - 190 字段 / 50 行
2026-09-28 15:07:23 | 2026-09-28 15:07:23 [INFO] 开始连接 - pgm-uf6jv8kq7xfyu4fako.pg.rds.aliyuncs.com:5432/crmdb_test
2026-09-28 15:07:24 | 2026-09-28 15:07:24 [OK] 数据库列表 · 8 个
2026-09-30 09:04:17 | 2026-09-30 09:04:17 [INFO] 开始连接 - pgm-uf6jv8kq7xfyu4fako.pg.rds.aliyuncs.com:5432/crmdb_test
2026-09-30 09:04:18 | 2026-09-30 09:04:18 [OK] 数据库列表 · 8 个
2026-09-30 09:04:18 | 2026-09-30 09:04:18 [OK] Schema 列表 · 7 个 · 默认 cust_u_rhkj
2026-09-30 09:04:18 | 2026-09-30 09:04:18 [OK] 表列表 · 925 个
2026-09-30 09:04:19 | 2026-09-30 09:04:19 [OK] 加载表 cust_u_rhkj.Sheet1 - 7 字段 / 50 行
2026-09-30 09:04:19 | 2026-09-30 09:04:19 [OK] 连接完成
2026-09-30 09:04:30 | 2026-09-30 09:04:30 [INFO] 切换表 Sheet1 → chufeng_user
2026-09-30 09:04:30 | 2026-09-30 09:04:30 [OK] 加载表 cust_u_rhkj.chufeng_user - 18 字段 / 50 行
2026-09-30 09:17:43 | 2026-09-30 09:17:43 [INFO] 开始连接 - pgm-uf6jv8kq7xfyu4fako.pg.rds.aliyuncs.com:5432/crmdb_test
2026-09-30 09:24:42 | 2026-09-30 09:24:42 [INFO] 开始连接 - pgm-uf6jv8kq7xfyu4fako.pg.rds.aliyuncs.com:5432/crmdb_test
2026-09-30 09:24:42 | 2026-09-30 09:24:42 [OK] 数据库列表 · 8 个
2026-09-30 09:24:42 | 2026-09-30 09:24:42 [OK] Schema 列表 · 7 个 · 默认 cust_u_rhkj
2026-09-30 09:24:42 | 2026-09-30 09:24:42 [OK] 表列表 · 925 个
2026-09-30 09:24:43 | 2026-09-30 09:24:43 [OK] 加载表 cust_u_rhkj.Sheet1 - 7 字段 / 50 行
2026-09-30 09:24:43 | 2026-09-30 09:24:43 [OK] 连接完成
2026-09-30 16:21:48 | 2026-09-30 16:21:48 [INFO] 开始连接 - pgm-uf6jv8kq7xfyu4fako.pg.rds.aliyuncs.com:5432/crmdb_test
2026-09-30 16:21:48 | 2026-09-30 16:21:48 [OK] 数据库列表 · 8 个
2026-09-30 16:21:48 | 2026-09-30 16:21:48 [OK] Schema 列表 · 7 个 · 默认 cust_u_rhkj
2026-09-30 16:21:49 | 2026-09-30 16:21:49 [OK] 表列表 · 925 个
2026-09-30 16:21:49 | 2026-09-30 16:21:49 [OK] 加载表 cust_u_rhkj.Sheet1 - 7 字段 / 50 行
2026-09-30 16:21:49 | 2026-09-30 16:21:49 [OK] 连接完成
2026-09-30 16:21:55 | 2026-09-30 16:21:55 [INFO] 切换表 Sheet1 → chufeng_user
2026-09-30 16:21:55 | 2026-09-30 16:21:55 [OK] 加载表 cust_u_rhkj.chufeng_user - 18 字段 / 50 行
2026-09-30 16:22:17 | 2026-09-30 16:22:17 [SQL] 自动 UPDATE · {'user_id': '1760861464163418112'} | UPDATE "cust_u_rhkj"."chufeng_user" SET "mobile" = :s_0_mobile WHERE "user_id" = :w_0_user_id
2026-09-30 16:22:17 | 2026-09-30 16:22:17 [OK] 自动保存 1 行 / 1 个字段
2026-09-30 16:22:34 | 2026-09-30 16:22:34 [SQL] 自动 UPDATE · {'user_id': '1760861464163418112'} | UPDATE "cust_u_rhkj"."chufeng_user" SET "mobile" = :s_0_mobile WHERE "user_id" = :w_0_user_id
2026-09-30 16:22:34 | 2026-09-30 16:22:34 [OK] 自动保存 1 行 / 1 个字段
2026-09-30 16:22:53 | 2026-09-30 16:22:53 [INFO] 切换表 chufeng_user → chufeng_follow_up
2026-09-30 16:22:53 | 2026-09-30 16:22:53 [OK] 加载表 cust_u_rhkj.chufeng_follow_up - 7 字段 / 45 行
2026-09-30 16:28:06 | 2026-09-30 16:28:06 [INFO] 开始连接 - pgm-uf6jv8kq7xfyu4fako.pg.rds.aliyuncs.com:5432/crmdb_test
2026-09-30 16:28:06 | 2026-09-30 16:28:06 [OK] 数据库列表 · 8 个
2026-09-30 16:28:06 | 2026-09-30 16:28:06 [OK] Schema 列表 · 7 个 · 默认 cust_u_rhkj
2026-09-30 16:28:06 | 2026-09-30 16:28:06 [OK] 表列表 · 925 个
2026-09-30 16:28:07 | 2026-09-30 16:28:07 [OK] 加载表 cust_u_rhkj.Sheet1 - 7 字段 / 50 行
2026-09-30 16:28:07 | 2026-09-30 16:28:07 [OK] 连接完成
2026-09-30 16:28:19 | 2026-09-30 16:28:19 [INFO] 切换表 Sheet1 → chufeng_user
2026-09-30 16:28:20 | 2026-09-30 16:28:20 [OK] 加载表 cust_u_rhkj.chufeng_user - 18 字段 / 50 行
2026-09-30 16:28:38 | 2026-09-30 16:28:38 [INFO] 切换表 chufeng_user → account
2026-09-30 16:28:39 | 2026-09-30 16:28:39 [OK] 加载表 cust_u_rhkj.account - 190 字段 / 50 行
2026-09-30 16:28:50 | 2026-09-30 16:28:50 [INFO] 切换表 account → t_student_info
2026-09-30 16:28:50 | 2026-09-30 16:28:50 [OK] 加载表 cust_u_rhkj.t_student_info - 65 字段 / 50 行
2026-09-30 16:28:59 | 2026-09-30 16:28:59 [SQL] 执行条件搜索 | SELECT * FROM "cust_u_rhkj"."t_student_info" WHERE "phones"::text LIKE :phones LIMIT 1000
2026-09-30 16:29:00 | 2026-09-30 16:29:00 [OK] 搜索命中 · 0 条
2026-09-30 16:29:05 | 2026-09-30 16:29:05 [SQL] 执行条件搜索 | SELECT * FROM "cust_u_rhkj"."t_student_info" WHERE "phones"::text LIKE :phones LIMIT 1000
2026-09-30 16:29:06 | 2026-09-30 16:29:06 [OK] 搜索命中 · 1 条
2026-10-06 09:46:25 | 2026-10-06 09:46:25 [INFO] 开始连接 - pgm-uf6jv8kq7xfyu4fako.pg.rds.aliyuncs.com:5432/crmdb_test
2026-10-06 09:46:26 | 2026-10-06 09:46:26 [OK] 数据库列表 · 8 个
2026-10-06 09:47:50 | 2026-10-06 09:47:50 [INFO] 开始连接 - pgm-uf6jv8kq7xfyu4fako.pg.rds.aliyuncs.com:5432/crmdb_test
2026-10-06 09:47:50 | 2026-10-06 09:47:50 [OK] 数据库列表 · 8 个
2026-10-06 09:47:50 | 2026-10-06 09:47:50 [OK] Schema 列表 · 7 个 · 默认 cust_u_rhkj
2026-10-06 09:47:51 | 2026-10-06 09:47:51 [OK] 表列表 · 925 个
2026-10-06 09:47:51 | 2026-10-06 09:47:51 [OK] 加载表 cust_u_rhkj.Sheet1 - 7 字段 / 50 行
2026-10-06 09:47:51 | 2026-10-06 09:47:51 [OK] 连接完成
2026-10-06 09:50:40 | 2026-10-06 09:50:40 [INFO] 开始连接 - pgm-uf6jv8kq7xfyu4fako.pg.rds.aliyuncs.com:5432/crmdb_test
2026-10-06 09:50:40 | 2026-10-06 09:50:40 [OK] 数据库列表 · 8 个
2026-10-06 09:50:40 | 2026-10-06 09:50:40 [OK] Schema 列表 · 7 个 · 默认 cust_u_rhkj
2026-10-06 09:50:40 | 2026-10-06 09:50:40 [OK] 表列表 · 925 个
2026-10-06 09:50:40 | 2026-10-06 09:50:40 [OK] 加载表 cust_u_rhkj.Sheet1 - 7 字段 / 50 行
2026-10-06 09:50:40 | 2026-10-06 09:50:40 [OK] 连接完成
2026-10-06 09:51:05 | 2026-10-06 09:51:05 [INFO] 切换表 Sheet1 → chufeng_black
2026-10-06 09:51:06 | 2026-10-06 09:51:06 [OK] 加载表 cust_u_rhkj.chufeng_black - 11 字段 / 12 行
2026-10-06 09:51:12 | 2026-10-06 09:51:12 [INFO] 切换表 chufeng_black → chufeng_user
2026-10-06 09:51:13 | 2026-10-06 09:51:13 [OK] 加载表 cust_u_rhkj.chufeng_user - 18 字段 / 50 行
2026-10-06 10:15:59 | 2026-10-06 10:15:59 [INFO] 开始连接 - pgm-uf6jv8kq7xfyu4fako.pg.rds.aliyuncs.com:5432/crmdb_test
2026-10-06 10:15:59 | 2026-10-06 10:15:59 [OK] 数据库列表 · 8 个
2026-10-06 10:15:59 | 2026-10-06 10:15:59 [OK] Schema 列表 · 7 个 · 默认 cust_u_rhkj
2026-10-06 10:16:00 | 2026-10-06 10:16:00 [OK] 表列表 · 925 个
2026-10-06 10:16:00 | 2026-10-06 10:16:00 [OK] 加载表 cust_u_rhkj.Sheet1 - 7 字段 / 50 行
2026-10-06 10:16:00 | 2026-10-06 10:16:00 [OK] 连接完成
2026-10-06 16:17:49 | 2026-10-06 16:17:49 [INFO] 开始连接 - pgm-uf6jv8kq7xfyu4fako.pg.rds.aliyuncs.com:5432/crmdb_test
2026-10-06 16:17:49 | 2026-10-06 16:17:49 [OK] 数据库列表 · 8 个
2026-10-06 16:17:50 | 2026-10-06 16:17:50 [OK] Schema 列表 · 7 个 · 默认 cust_u_rhkj
2026-10-06 16:17:50 | 2026-10-06 16:17:50 [OK] 表列表 · 925 个
2026-10-06 16:17:51 | 2026-10-06 16:17:51 [OK] 加载表 cust_u_rhkj.Sheet1 - 7 字段 / 50 行
2026-10-06 16:17:51 | 2026-10-06 16:17:51 [OK] 连接完成
2026-10-06 16:17:56 | 2026-10-06 16:17:56 [INFO] 切换表 Sheet1 → t_sale_activity_student
2026-10-06 16:17:56 | 2026-10-06 16:17:56 [OK] 加载表 cust_u_rhkj.t_sale_activity_student - 33 字段 / 50 行
2026-10-06 16:17:57 | 2026-10-06 16:17:57 [WARN] 搜索时未输入任何条件
2026-10-06 16:18:04 | 2026-10-06 16:18:04 [INFO] 重置搜索条件
2026-10-06 16:32:41 | 2026-10-06 16:32:41 [INFO] 开始连接 - pgm-uf6jv8kq7xfyu4fako.pg.rds.aliyuncs.com:5432/crmdb_test
2026-10-06 16:32:41 | 2026-10-06 16:32:41 [OK] 数据库列表 · 8 个
2026-10-06 16:32:41 | 2026-10-06 16:32:41 [OK] Schema 列表 · 7 个 · 默认 cust_u_rhkj
2026-10-06 16:32:42 | 2026-10-06 16:32:42 [OK] 表列表 · 925 个
2026-10-06 16:32:42 | 2026-10-06 16:32:42 [OK] 加载表 cust_u_rhkj.Sheet1 - 7 字段 / 50 行
2026-10-06 16:32:42 | 2026-10-06 16:32:42 [OK] 连接完成
2026-10-06 17:02:35 | 2026-10-06 17:02:35 [INFO] 开始连接 - pgm-uf6jv8kq7xfyu4fako.pg.rds.aliyuncs.com:5432/crmdb_test
2026-10-06 17:02:36 | 2026-10-06 17:02:36 [OK] 数据库列表 · 8 个
2026-10-06 17:02:36 | 2026-10-06 17:02:36 [OK] Schema 列表 · 7 个 · 默认 cust_u_rhkj
2026-10-06 17:02:37 | 2026-10-06 17:02:37 [OK] 表列表 · 925 个
2026-10-06 17:02:37 | 2026-10-06 17:02:37 [OK] 加载表 cust_u_rhkj.Sheet1 - 7 字段 / 50 行
2026-10-06 17:02:37 | 2026-10-06 17:02:37 [OK] 连接完成
2026-10-06 18:15:14 | 2026-10-06 18:15:14 [INFO] 开始连接 - pgm-uf6jv8kq7xfyu4fako.pg.rds.aliyuncs.com:5432/crmdb_test
2026-10-06 18:15:14 | 2026-10-06 18:15:14 [OK] 数据库列表 · 8 个
2026-10-06 18:15:15 | 2026-10-06 18:15:15 [OK] Schema 列表 · 7 个 · 默认 cust_u_rhkj
2026-10-06 18:15:15 | 2026-10-06 18:15:15 [OK] 表列表 · 925 个
2026-10-06 18:15:15 | 2026-10-06 18:15:15 [OK] 加载表 cust_u_rhkj.Sheet1 - 7 字段 / 50 行
2026-10-06 18:15:15 | 2026-10-06 18:15:15 [OK] 连接完成
